node0:
--------------------------------------------------------------------------

root@HUD-VX0000VSRX01> show system uptime

node0:
--------------------------------------------------------------------------
Current time: 2019-12-05 14:18:51 UTC
Time Source:  NTP CLOCK
System booted: 2019-11-26 22:56:21 UTC (1w1d 15:22 ago)
Last configured: 2019-12-04 16:46:50 UTC (21:32:01 ago) by hasan.dakroub
 2:18PM  up 8 days, 15:22, 0 users, load averages: 1.36, 1.29, 1.26

node1:
--------------------------------------------------------------------------
Current time: 2019-12-05 14:18:51 UTC
Time Source:  NTP CLOCK
System booted: 2019-11-16 16:38:31 UTC (2w4d 21:40 ago)
Protocols started: 2019-11-16 16:40:40 UTC (2w4d 21:38 ago)
Last configured: 2019-12-04 16:46:51 UTC (21:32:00 ago) by hasan.dakroub
 2:18PM  up 18 days, 21:40, 2 users, load averages: 1.63, 1.48, 1.46


root@HUD-VX0000VSRX01> show version detail no-forwarding

Hostname: HUD-VX0000VSRX01
Model: vSRX
Junos: 19.2R1.8
JUNOS OS Kernel 64-bit XEN [20190517.f0321c3_builder_stable_11]
JUNOS OS libs [20190517.f0321c3_builder_stable_11]
JUNOS OS runtime [20190517.f0321c3_builder_stable_11]
JUNOS OS time zone information [20190517.f0321c3_builder_stable_11]
JUNOS OS libs compat32 [20190517.f0321c3_builder_stable_11]
JUNOS OS 32-bit compatibility [20190517.f0321c3_builder_stable_11]
JUNOS py extensions [20190621.152752_builder_junos_192_r1]
JUNOS py base [20190621.152752_builder_junos_192_r1]
JUNOS OS vmguest [20190517.f0321c3_builder_stable_11]
JUNOS OS support utilities [20190517.f0321c3_builder_stable_11]
JUNOS OS crypto [20190517.f0321c3_builder_stable_11]
JUNOS network stack and utilities [20190621.152752_builder_junos_192_r1]
JUNOS libs [20190621.152752_builder_junos_192_r1]
JUNOS libs compat32 [20190621.152752_builder_junos_192_r1]
JUNOS runtime [20190621.152752_builder_junos_192_r1]
JUNOS na telemetry [19.2R1.8]
JUNOS Web Management Platform Package [20190621.152752_builder_junos_192_r1]
JUNOS vsrx modules [20190621.152752_builder_junos_192_r1]
JUNOS srx libs compat32 [20190621.152752_builder_junos_192_r1]
JUNOS srx runtime [20190621.152752_builder_junos_192_r1]
JUNOS srx platform support [20190621.152752_builder_junos_192_r1]
JUNOS common platform support [20190621.152752_builder_junos_192_r1]
JUNOS vsrx runtime [20190621.152752_builder_junos_192_r1]
JUNOS pppoe [20190621.152752_builder_junos_192_r1]
JUNOS Openconfig [19.2R1.8]
JUNOS mtx network modules [20190621.152752_builder_junos_192_r1]
JUNOS modules [20190621.152752_builder_junos_192_r1]
JUNOS srx libs [20190621.152752_builder_junos_192_r1]
JUNOS srx Data Plane Crypto Support [20190621.152752_builder_junos_192_r1]
JUNOS daemons [20190621.152752_builder_junos_192_r1]
JUNOS srx daemons [20190621.152752_builder_junos_192_r1]
JUNOS SRX TVP AppQos Daemon [20190621.152752_builder_junos_192_r1]
JUNOS Extension Toolkit [20190621.152752_builder_junos_192_r1]
JUNOS Juniper Malware Removal Tool (JMRT) [1.0.0+20190621.152752_builder_junos_192_r1]
JUNOS J-Insight [20190621.152752_builder_junos_192_r1]
JUNOS Online Documentation [20190621.152752_builder_junos_192_r1]
JUNOS jail runtime [20190517.f0321c3_builder_stable_11]
JUNOS FIPS mode utilities [20190621.152752_builder_junos_192_r1]
KERNEL JNPR-11.0-20190517.f0321c3_builder_stable_11 #0 r356482+f0321c3e9c9(HEAD) built
MGD release 20190606.224121_builder.r1033375 built by builder on 2019-06-06 22:58:49 UTC
CLI release 20190606.224121_builder.r1033375 built by builder on 2019-06-06 22:55:22 UTC
JLAUNCHD release 19.2R1.8 built by builder on 2019-06-21 17:47:00 UTC
RPD release 19.2R1.8 built by builder on 2019-06-22 01:02:12 UTC
CHASSISD release 19.2R1.8 built by builder on 2019-06-21 21:24:54 UTC
COMMIT-SYNCD release 20190606.224121_builder.r1033375 built by builder on 2019-06-06 22:58:46 UTC
BFDD release 19.2R1.8 built by builder on 2019-06-21 20:28:12 UTC
JNUD release 20190606.224121_builder.r1033375 built by builder on 2019-06-06 22:58:47 UTC
DFWD release 19.2R1.8 built by builder on 2019-06-21 20:28:35 UTC
DCD release 19.2R1.8 built by builder on 2019-06-21 20:27:41 UTC
SNMPD release 19.2R1.8 built by builder on 2019-06-21 21:03:26 UTC
MIB2D release 19.2R1.8 built by builder on 2019-06-21 21:07:04 UTC
VRRPD release 19.2R1.8 built by builder on 2019-06-21 20:30:14 UTC
ALARMD release 19.2R1.8 built by builder on 2019-06-21 20:56:00 UTC
PFED release 19.2R1.8 built by builder on 2019-06-21 20:59:01 UTC
AGENTD release 19.2R1.8 built by builder on 2019-06-21 20:33:19 UTC
CRAFTD release 19.2R1.8 built by builder on 2019-06-21 20:28:34 UTC
SAMPLED release 19.2R1.8 built by builder on 2019-06-21 20:34:16 UTC
SRRD release 19.2R1.8 built by builder on 2019-06-21 20:25:57 UTC
ILMID release 19.2R1.8 built by builder on 2019-06-21 20:28:40 UTC
RMOPD release 19.2R1.8 built by builder on 2019-06-21 20:28:30 UTC
COSD release 19.2R1.8 built by builder on 2019-06-21 21:00:35 UTC
IRSD release 19.2R1.8 built by builder on 2019-06-21 20:27:00 UTC
FUD release 19.2R1.8 built by builder on 2019-06-21 20:24:41 UTC
KSYNCD release 19.2R1.8 built by builder on 2019-06-21 18:51:23 UTC
HTTPD-GK release 19.2R1.8 built by builder on 2019-06-21 20:57:12 UTC
DHCPD release 19.2R1.8 built by builder on 2019-06-21 20:25:49 UTC
PPPOED release 19.2R1.8 built by builder on 2019-06-21 20:26:58 UTC
RDD release 19.2R1.8 built by builder on 2019-06-21 20:27:29 UTC
PPPD release 19.2R1.8 built by builder on 2019-06-21 20:24:45 UTC
DFCD release 19.2R1.8 built by builder on 2019-06-21 20:28:34 UTC
LACPD release 19.2R1.8 built by builder on 2019-06-21 20:28:56 UTC
srxpfe release 19.2R1.8 built by builder on 2019-06-21 19:10:39 UTC
LFMD release 19.2R1.8 built by builder on 2019-06-21 20:28:57 UTC
OAMD release 19.2R1.8 built by builder on 2019-06-21 20:29:03 UTC
TNETD release 19.2R1.8 built by builder on 2019-06-21 17:38:55 UTC
CFMD release 19.2R1.8 built by builder on 2019-06-21 20:58:51 UTC
JDHCPD release 19.2R1.8 built by builder on 2019-06-21 20:33:00 UTC
PSSD release 19.2R1.8 built by builder on 2019-06-21 20:25:11 UTC
AUTHD release 19.2R1.8 built by builder on 2019-06-21 21:02:00 UTC
BDBREPD release 19.2R1.8 built by builder on 2019-06-21 20:27:25 UTC
APPIDD release 19.2R1.8 built by builder on 2019-06-21 20:56:17 UTC
IDPD release 19.2R1.8 built by builder on 2019-06-21 20:57:18 UTC
SHM-RTSDBD release 19.2R1.8 built by builder on 2019-06-21 20:32:30 UTC
DATAPATH-TRACED release 19.2R1.8 built by builder on 2019-06-21 20:25:07 UTC
SMID release 19.2R1.8 built by builder on 2019-06-21 20:56:05 UTC
SMIHELPERD release 19.2R1.8 built by builder on 2019-06-21 20:29:57 UTC
GSTATD release 19.2R1.8 built by builder on 2019-06-21 17:47:03 UTC
UACD release 19.2R1.8 built by builder on 2019-06-21 20:33:55 UTC
ESSMD release 19.2R1.8 built by builder on 2019-06-21 20:27:50 UTC
PPMD release 19.2R1.8 built by builder on 2019-06-21 20:28:12 UTC
LRMUXD release 19.2R1.8 built by builder on 2019-06-21 20:26:17 UTC
BFDD release 19.2R1.8 built by builder on 2019-06-21 20:28:12 UTC
AUDITD release 19.2R1.8 built by builder on 2019-06-21 20:55:47 UTC
L2ALD release 19.2R1.8 built by builder on 2019-06-21 21:10:36 UTC
EVENTD release 19.2R1.8 built by builder on 2019-06-21 20:32:57 UTC
MCSNOOPD release 19.2R1.8 built by builder on 2019-06-21 21:09:21 UTC
MPLSOAMD release 19.2R1.8 built by builder on 2019-06-21 20:26:22 UTC
WEB-API release 19.2R1.8 built by builder on 2019-06-21 17:38:42 UTC
JSD release 19.2R1.8 built by builder on 2019-06-21 20:32:49 UTC
UI-PUBD release 19.2R1.8 built by builder on 2019-06-21 20:32:50 UTC
MGD-API release 19.2R1.8 built by builder on 2019-06-21 20:15:09 UTC
NTAD release 19.2R1.8 built by builder on 2019-06-21 20:25:51 UTC
NSD release 19.2R1.8 built by builder on 2019-06-21 20:57:58 UTC
IPFD release 19.2R1.8 built by builder on 2019-06-21 20:56:47 UTC
AAMWD release 19.2R1.8 built by builder on 2019-06-21 20:57:06 UTC
NSTRACED release 19.2R1.8 built by builder on 2019-06-21 20:34:43 UTC
FWAUTHD release 19.2R1.8 built by builder on 2019-06-21 20:30:56 UTC
GPRSD release 19.2R1.8 built by builder on 2019-06-21 20:25:22 UTC
JSRPD release 19.2R1.8 built by builder on 2019-06-21 20:31:02 UTC
PROFILERD release 19.2R1.8 built by builder on 2019-06-21 20:57:36 UTC
OAMD release 19.2R1.8 built by builder on 2019-06-21 20:29:03 UTC
RTLOGD release 19.2R1.8 built by builder on 2019-06-21 20:30:37 UTC
UTMD release 19.2R1.8 built by builder on 2019-06-21 20:57:12 UTC
SYSHMD release 19.2R1.8 built by builder on 2019-06-21 20:26:07 UTC
SMTPD release 19.2R1.8 built by builder on 2019-06-21 20:25:29 UTC
WWAND release 19.2R1.8 built by builder on 2019-06-21 20:30:21 UTC
USERIDD release 19.2R1.8 built by builder on 2019-06-21 20:30:58 UTC
SDK-VMMD release 19.2R1.8 built by builder on 2019-06-21 20:29:56 UTC
DOOD release 19.2R1.8 built by builder on 2019-06-21 20:27:31 UTC
SDXD release 19.2R1.8 built by builder on 2019-06-21 20:25:03 UTC
GPRSD release 19.2R1.8 built by builder on 2019-06-21 20:25:22 UTC
AUTOD release 19.2R1.8 built by builder on 2019-06-21 20:15:17 UTC
IKED release 19.2R1.8 built by builder on 2019-06-21 20:30:51 UTC
GKSD release 19.2R1.8 built by builder on 2019-06-21 20:30:49 UTC
GKMD release 19.2R1.8 built by builder on 2019-06-21 20:30:45 UTC
PKID release 19.2R1.8 built by builder on 2019-06-21 20:28:23 UTC
SENDD release 19.2R1.8 built by builder on 2019-06-21 20:25:04 UTC
FIPSD release 19.2R1.8 built by builder on 2019-06-21 20:25:25 UTC
base-actions-dd release 20190606.224121_builder.r1033375 built by builder on 2019-06-06 22:53:16 UTC
junos-base-actions-dd release 19.2R1.8 built by builder on 2019-06-21 16:07:36 UTC
jkernel-actions-dd release 19.2R1.8 built by builder on 2019-06-21 17:09:06 UTC
appsecure-actions-dd release 19.2R1.8 built by builder on 2019-06-21 16:07:40 UTC
aprobe-actions-dd release 19.2R1.8 built by builder on 2019-06-21 16:07:33 UTC
authd_cmd-actions-dd release 19.2R1.8 built by builder on 2019-06-21 17:08:43 UTC
autoconfd_cmd-actions-dd release 19.2R1.8 built by builder on 2019-06-21 16:07:33 UTC
autod-actions-dd release 19.2R1.8 built by builder on 2019-06-21 16:07:43 UTC
bfdd-actions-dd release 19.2R1.8 built by builder on 2019-06-21 16:07:33 UTC
cfm-actions-dd release 19.2R1.8 built by builder on 2019-06-21 16:07:33 UTC
chassis_cmd-actions-dd release 19.2R1.8 built by builder on 2019-06-21 16:07:32 UTC
clksyncd-actions-dd release 19.2R1.8 built by builder on 2019-06-21 16:07:34 UTC
collector-actions-dd release 19.2R1.8 built by builder on 2019-06-21 16:07:40 UTC
cos_cmd-actions-dd release 19.2R1.8 built by builder on 2019-06-21 16:07:34 UTC
cpcdd_cmd-actions-dd release 19.2R1.8 built by builder on 2019-06-21 16:07:34 UTC
dcd_cmd-actions-dd release 19.2R1.8 built by builder on 2019-06-21 16:07:32 UTC
demuxd-actions-dd release 19.2R1.8 built by builder on 2019-06-21 16:07:34 UTC
dfcd_cmd-actions-dd release 19.2R1.8 built by builder on 2019-06-21 16:07:34 UTC
dot1xd-actions-dd release 19.2R1.8 built by builder on 2019-06-21 16:07:30 UTC
dyn-sess-prof-actions-dd release 19.2R1.8 built by builder on 2019-06-21 16:07:34 UTC
elmi-actions-dd release 19.2R1.8 built by builder on 2019-06-21 16:07:35 UTC
essmd-actions-dd release 19.2R1.8 built by builder on 2019-06-21 16:07:41 UTC
forwarding_options_cmd-actions-dd release 19.2R1.8 built by builder on 2019-06-21 16:07:35 UTC
fsad-actions-dd release 19.2R1.8 built by builder on 2019-06-21 16:07:41 UTC
gres-test-point-actions-dd release 19.2R1.8 built by builder on 2019-06-21 16:07:35 UTC
httpd_cmd-actions-dd release 19.2R1.8 built by builder on 2019-06-21 16:07:35 UTC
iccp_cmd-actions-dd release 19.2R1.8 built by builder on 2019-06-21 16:07:35 UTC
ilmid-actions-dd release 19.2R1.8 built by builder on 2019-06-21 16:07:35 UTC
jappid-actions-dd release 19.2R1.8 built by builder on 2019-06-21 16:07:41 UTC
jcrypto-actions-dd release 19.2R1.8 built by builder on 2019-06-21 16:07:35 UTC
jcrypto_usp-actions-dd release 19.2R1.8 built by builder on 2019-06-21 16:07:42 UTC
jddosd-actions-dd release 19.2R1.8 built by builder on 2019-06-21 16:07:35 UTC
jdiameterd-actions-dd release 19.2R1.8 built by builder on 2019-06-21 16:07:35 UTC
jdocs-actions-dd release 19.2R1.8 built by builder on 2019-06-21 17:09:55 UTC
jidpd-actions-dd release 19.2R1.8 built by builder on 2019-06-21 16:07:41 UTC
jkernel_srxhe-actions-dd release 19.2R1.8 built by builder on 2019-06-21 16:07:42 UTC
jkernel_usp-actions-dd release 19.2R1.8 built by builder on 2019-06-21 16:07:42 UTC
jpppd-actions-dd release 19.2R1.8 built by builder on 2019-06-21 16:07:41 UTC
jroute-actions-dd release 19.2R1.8 built by builder on 2019-06-21 17:09:42 UTC
jroute_junos-actions-dd release 19.2R1.8 built by builder on 2019-06-21 16:07:36 UTC
junos-routing-bgp-advanced-actions-dd release 19.2R1.8 built by builder on 2019-06-21 16:07:39 UTC
junos-routing-bgp-basic-actions-dd release 19.2R1.8 built by builder on 2019-06-21 16:07:39 UTC
junos-routing-infra-advanced-actions-dd release 19.2R1.8 built by builder on 2019-06-21 16:07:39 UTC
junos-routing-infra-basic-actions-dd release 19.2R1.8 built by builder on 2019-06-21 17:09:36 UTC
junos-routing-instance-vrf-actions-dd release 19.2R1.8 built by builder on 2019-06-21 16:07:39 UTC
junos-routing-isis-basic-actions-dd release 19.2R1.8 built by builder on 2019-06-21 16:07:39 UTC
junos-routing-ldp-actions-dd release 19.2R1.8 built by builder on 2019-06-21 16:07:39 UTC
junos-routing-ospf-basic-actions-dd release 19.2R1.8 built by builder on 2019-06-21 16:07:40 UTC
junos-routing-prpd-actions-dd release 19.2R1.8 built by builder on 2019-06-21 16:07:39 UTC
l2ald-actions-dd release 19.2R1.8 built by builder on 2019-06-21 16:07:36 UTC
lldp-actions-dd release 19.2R1.8 built by builder on 2019-06-21 16:07:36 UTC
lrf-actions-dd release 19.2R1.8 built by builder on 2019-06-21 16:07:36 UTC
macsec-actions-dd release 19.2R1.8 built by builder on 2019-06-21 16:07:32 UTC
mclag_cfgchk_cmd-actions-dd release 19.2R1.8 built by builder on 2019-06-21 16:07:37 UTC
mcsnoop-actions-dd release 19.2R1.8 built by builder on 2019-06-21 17:09:51 UTC
mo-actions-dd release 19.2R1.8 built by builder on 2019-06-21 16:07:41 UTC
pccd-actions-dd release 19.2R1.8 built by builder on 2019-06-21 16:07:37 UTC
ppmd-actions-dd release 19.2R1.8 built by builder on 2019-06-21 16:07:37 UTC
pppd-actions-dd release 19.2R1.8 built by builder on 2019-06-21 16:07:41 UTC
pppoed-actions-dd release 19.2R1.8 built by builder on 2019-06-21 16:07:41 UTC
r2cpd-actions-dd release 19.2R1.8 built by builder on 2019-06-21 16:07:41 UTC
rdd-actions-dd release 19.2R1.8 built by builder on 2019-06-21 16:07:37 UTC
repd_cmd-actions-dd release 19.2R1.8 built by builder on 2019-06-21 16:07:37 UTC
scpd-actions-dd release 19.2R1.8 built by builder on 2019-06-21 16:07:37 UTC
sdpd-actions-dd release 19.2R1.8 built by builder on 2019-06-21 16:07:37 UTC
services-actions-dd release 19.2R1.8 built by builder on 2019-06-21 16:07:37 UTC
spmd_common-actions-dd release 19.2R1.8 built by builder on 2019-06-21 16:07:38 UTC
stp-actions-dd release 19.2R1.8 built by builder on 2019-06-21 16:07:38 UTC
subinfo-actions-dd release 19.2R1.8 built by builder on 2019-06-21 16:07:38 UTC
syshmd_health_mon-actions-dd release 19.2R1.8 built by builder on 2019-06-21 16:07:43 UTC
syshmd_trackip-actions-dd release 19.2R1.8 built by builder on 2019-06-21 16:07:43 UTC
traffic-dird-actions-dd release 19.2R1.8 built by builder on 2019-06-21 16:07:38 UTC
transportd-actions-dd release 19.2R1.8 built by builder on 2019-06-21 16:07:38 UTC
url-filterd-actions-dd release 19.2R1.8 built by builder on 2019-06-21 16:07:38 UTC
virtualchassis-actions-dd release 19.2R1.8 built by builder on 2019-06-21 16:07:38 UTC
vlans-ng-actions-dd release 19.2R1.8 built by builder on 2019-06-21 16:07:31 UTC


root@HUD-VX0000VSRX01> show system core-dumps no-forwarding

/var/crash/*core*: No such file or directory
/var/tmp/*core*: No such file or directory
/var/tmp/pics/*core*: No such file or directory
/var/crash/kernel.*: No such file or directory
/var/jails/rest-api/tmp/*core*: No such file or directory
/tftpboot/corefiles/*core*: No such file or directory


root@HUD-VX0000VSRX01> show chassis alarms no-forwarding

1 alarms currently active
Alarm time               Class  Description
2019-11-26 22:59:33 UTC  Major  Host 0 fxp0 : Ethernet Link Down


root@HUD-VX0000VSRX01> show chassis hardware detail no-forwarding

Hardware inventory:
Item             Version  Part number  Serial number     Description
Chassis                                0fd43f990370      VSRX
Midplane
System IO
Routing Engine                                           VSRX-S
FPC 0                                                    FPC
  PIC 0                                                  VSRX DPDK GE
Power Supply 0


root@HUD-VX0000VSRX01> show system processes extensive no-forwarding

last pid: 27288;  load averages:  1.33,  1.28,  1.25  up 8+15:22:32    14:18:53
277 processes: 4 running, 219 sleeping, 1 zombie, 53 waiting

Mem: 68M Active, 573M Inact, 2975M Wired, 139M Buf, 303M Free
Swap: 1024M Total, 1024M Free


  PID USERNAME      PRI NICE   SIZE    RES STATE   C   TIME    WCPU COMMAND
 6230 root          103    0  2769M  2663M CPU1    1 205.6H 100.00% srxpfe{lcore-slave-1}
   11 root          155 ki31     0K    32K RUN     0 201.1H  89.06% idle{idle: cpu0}
 1715 root           -8    -     0K    16K wrkwai  0   0:02   1.56% md14.uzip
 6230 root           20    0  2769M  2663M select  0 274:25   1.17% srxpfe{srxpfe}
   11 root          155 ki31     0K    32K RUN     1 106:57   1.17% idle{idle: cpu1}
27090 root           23    0   775M 37376K select  0   0:00   0.98% cli
 2194 root           -8    -     0K    16K wrkwai  0   0:01   0.49% md21.uzip
27091 root           52    0   738M 31100K select  0   0:00   0.49% mgd
 6187 root           20    0   727M 12976K select  0   1:08   0.10% eventd
 6246 root           20    0   734M 14736K select  0  12:22   0.00% license-check
 6253 root           20    0   714M  4620K nanslp  0  10:25   0.00% sysctlrelayd
    0 root          -16    -     0K   208K swapin  0   8:23   0.00% kernel{swapper}
 6372 root           20    0   741M 20204K select  0   6:43   0.00% pfed
    2 root          -16    -     0K    16K jfe_jo  0   6:22   0.00% jfe_job_0_0
 6362 root           20    0   729M  8640K select  0   6:09   0.00% repd{repd}
   16 root          -72    -     0K   848K WAIT    0   5:38   0.00% intr{swi1: netisr 0}
 6219 root           20    0   759M 19976K select  0   5:28   0.00% mib2d
   22 root          -16    -     0K    16K -       0   5:06   0.00% rand_harvestq
   16 root          -60    -     0K   848K WAIT    0   4:41   0.00% intr{swi4: clock (0)}
 6369 root           20    0   723M 12384K select  0   3:47   0.00% alarmd
   16 root          -92    -     0K   848K WAIT    0   3:21   0.00% intr{irq289: vmx1}
 6230 root           20    0  2769M  2663M select  0   3:04   0.00% srxpfe{srxpfe}
 6234 root           20    0   720M  5372K select  0   2:56   0.00% shm-rtsdbd
 6351 root           20    0   715M  8368K select  0   2:22   0.00% ksyncd
 6353 root           20    0   718M  6224K select  0   2:03   0.00% bdbrepd
 6198 root           20    0  5952K  1428K select  0   1:53   0.00% bslockd
 6250 root           20    0   724M 12568K select  0   1:47   0.00% rtlogd
 6248 nobody         20    0 69688K  3620K select  0   1:31   0.00% na-mqttd
 6214 root           20    0   796M 37460K select  0   1:27   0.00% chassisd
 6370 root           20    0   729M 15152K select  0   1:24   0.00% snmpd
 6238 root           20    0   724M 13108K select  0   1:22   0.00% jsrpd
 6373 root           20    0   713M  5492K select  0   1:14   0.00% irsd
 6256 root           20    0    99M 13704K nanslp  0   0:54   0.00% llmd{llmd}
 6354 root           20    0   728M 10608K select  0   0:40   0.00% smid
 6361 root           28    0   747M 11824K select  0   0:37   0.00% jsqlsyncd{jsqlsyncd}
 6398 root           20    0   740M 16372K select  0   0:35   0.00% dfwd
    0 root          -16    -     0K   208K -       0   0:31   0.00% kernel{deadlkres}
 6252 root           20    0   736M 26520K select  0   0:29   0.00% utmd
 6249 root           20    0 18416K  4600K select  0   0:29   0.00% na-grpcd{na-grpcd}
 6247 root           20    0   737M 15908K select  0   0:28   0.00% jsd{jsd}
 6213 root           20    0   744M 22460K select  0   0:26   0.00% dcd
 6350 root           20    0   719M  9852K select  0   0:22   0.00% ppmd
 6215 root           20    0   722M 11696K select  0   0:22   0.00% sdk-vmmd
   30 root          -16    -     0K    32K psleep  0   0:21   0.00% pagedaemon{pagedaemon}
   35 root           16    -     0K    16K syncer  0   0:20   0.00% syncer
 6247 root           20    0   737M 15908K select  0   0:19   0.00% jsd{jsd}
 6254 root           20    0 67596K 16648K select  0   0:17   0.00% ntpd
 6245 root           20    0   743M 16160K select  0   0:16   0.00% idpd
 6352 root           20    0   721M 10760K select  0   0:14   0.00% bfdd
 6217 root           20    0   736M 30224K select  0   0:07   0.00% mgd
 6365 root           20    0   718M  5228K nanslp  0   0:06   0.00% ipfd
 6237 root           20    0   733M 18200K select  0   0:06   0.00% agentd{agentd}
 6367 root           20    0   725M 13576K nanslp  0   0:06   0.00% aamwd
 6249 root           20    0 18416K  4600K nanslp  0   0:05   0.00% na-grpcd{na-grpcd}
 6256 root           20    0    99M 13704K select  0   0:05   0.00% llmd{llmd}
    8 root          -16    -     0K    16K jfe_jo  0   0:04   0.00% jfe_job_4_0
 6243 root           20    0   770M 43928K select  0   0:04   0.00% appidd{appidd}
 6256 root           20    0    99M 13704K select  0   0:04   0.00% llmd{llmd}
   16 root          -88    -     0K   848K WAIT    0   0:03   0.00% intr{irq17: mpt0}
 6243 root           20    0   770M 43928K select  0   0:03   0.00% appidd{appidd}
 6374 root           20    0   736M 15524K select  0   0:03   0.00% nsd
 6256 root           20    0    99M 13704K uwait   0   0:03   0.00% llmd{llmd}
 6256 root           20    0    99M 13704K uwait   0   0:03   0.00% llmd{llmd}
   20 root          -16    -     0K    32K -       0   0:03   0.00% cam{doneq0}
   34 root           20    -     0K    16K -       0   0:02   0.00% bufspacedaemon
   20 root          -16    -     0K    32K -       0   0:02   0.00% cam{scanner}
 6199 root           20    0 57064K  3324K nanslp  0   0:02   0.00% cron
 6193 root           20    0 79660K  3860K kqread  0   0:02   0.00% jlaunchd
 6473 root          -16    -     0K    16K pslave  0   0:02   0.00% ppt_0a_82a00001
   36 root          -16    -     0K    16K vlruwt  0   0:02   0.00% vnlru
   33 root          -16    -     0K    16K psleep  0   0:02   0.00% bufdaemon
 6474 root          -16    -     0K    16K pslave  0   0:02   0.00% ppt_0a_81a00001
    9 root          -16    -     0K    16K jfe_jo  0   0:01   0.00% jfe_job_4_1
 6230 root           20    0  2769M  2663M nanslp  0   0:01   0.00% srxpfe{srxpfe}
 6300 root           20    0  7860K  1528K select  0   0:01   0.00% watchdog
 6359 root           20    0 57048K  6004K select  0   0:00   0.00% rpcbind
 1250 root           -8    -     0K    16K wrkwai  0   0:00   0.00% md13.uzip
 2341 root           -8    -     0K    16K wrkwai  0   0:00   0.00% md24.uzip
   39 root          -16    -     0K    16K ifscli  0   0:00   0.00% ifsclientclosed
 2672 root           -8    -     0K    16K wrkwai  0   0:00   0.00% md30.uzip
    0 root            8    -     0K   208K -       0   0:00   0.00% kernel{thread taskq}
   17 root           -8    -     0K    48K -       0   0:00   0.00% geom{g_event}
 2292 root           -8    -     0K    16K wrkwai  0   0:00   0.00% md23.uzip
   17 root           -8    -     0K    48K -       0   0:00   0.00% geom{g_down}
 1714 root           -8    -     0K    16K mdwait  0   0:00   0.00% md14
 2243 root           -8    -     0K    16K wrkwai  0   0:00   0.00% md22.uzip
 1201 root           -8    -     0K    16K wrkwai  0   0:00   0.00% md12.uzip
   24 root           -8    -     0K    16K wrkwai  0   0:00   0.00% md0.uzip
   17 root           -8    -     0K    48K -       0   0:00   0.00% geom{g_up}
    1 root           20    0  6280K   552K wait    0   0:00   0.00% init
  467 root           -8    -     0K    16K wrkwai  0   0:00   0.00% md2.uzip
  151 root           -8    -     0K    16K wrkwai  0   0:00   0.00% md1.uzip
 6221 root           52    0 59136K  3580K select  0   0:00   0.00% inetd
 2519 root           -8    -     0K    16K wrkwai  0   0:00   0.00% md27.uzip
 2193 root           -8    -     0K    16K mdwait  0   0:00   0.00% md21
  776 root           -8    -     0K    16K wrkwai  0   0:00   0.00% md4.uzip
   28 root          -16    -     0K    16K -       0   0:00   0.00% soaiod4
 1249 root           -8    -     0K    16K mdwait  0   0:00   0.00% md13
   25 root          -16    -     0K    16K -       0   0:00   0.00% soaiod1
  927 root           -8    -     0K    16K wrkwai  0   0:00   0.00% md7.uzip
   27 root          -16    -     0K    16K -       0   0:00   0.00% soaiod3
   26 root          -16    -     0K    16K -       0   0:00   0.00% soaiod2
 2340 root           -8    -     0K    16K mdwait  0   0:00   0.00% md24
 6237 root           20    0   733M 18200K select  0   0:00   0.00% agentd{agentd}
 2619 root           -8    -     0K    16K wrkwai  0   0:00   0.00% md29.uzip
 3038 root           -8    -     0K    16K wrkwai  0   0:00   0.00% md37.uzip
 2833 root           -8    -     0K    16K wrkwai  0   0:00   0.00% md33.uzip
 2092 root           -8    -     0K    16K wrkwai  0   0:00   0.00% md19.uzip
25339 root           20    0   727M 12368K nanslp  0   0:00   0.00% kmd
 1200 root           -8    -     0K    16K mdwait  0   0:00   0.00% md12
 2671 root           -8    -     0K    16K mdwait  0   0:00   0.00% md30
27084 root           20    0   738M 30988K select  0   0:00   0.00% mgd
 6247 root           20    0   737M 15908K select  0   0:00   0.00% jsd{jsd}
 2782 root           -8    -     0K    16K wrkwai  0   0:00   0.00% md32.uzip
 2291 root           -8    -     0K    16K mdwait  0   0:00   0.00% md23
  466 root           -8    -     0K    16K mdwait  0   0:00   0.00% md2
 2242 root           -8    -     0K    16K mdwait  0   0:00   0.00% md22
 2143 root           -8    -     0K    16K wrkwai  0   0:00   0.00% md20.uzip
  150 root           -8    -     0K    16K mdwait  0   0:00   0.00% md1
 1152 root           -8    -     0K    16K wrkwai  0   0:00   0.00% md11.uzip
 6363 root           21    0   717M  8360K select  0   0:00   0.00% mgd-api
   32 root          155 ki31     0K    16K pgzero  0   0:00   0.00% pagezero
 6244 root           20    0   724M  8744K select  0   0:00   0.00% appsecured
 6257 root           20    0   715M  5752K select  0   0:00   0.00% sdxd
  775 root           -8    -     0K    16K mdwait  0   0:00   0.00% md4
 4436 root           -8    -     0K    16K mdwait  0   0:00   0.00% md38
 2038 root           -8    -     0K    16K mdwait  0   0:00   0.00% md18
 2439 root           -8    -     0K    16K mdwait  0   0:00   0.00% md26
 2518 root           -8    -     0K    16K mdwait  0   0:00   0.00% md27
 6209 root           52    0 11216K  3004K select  0   0:00   0.00% tnetd
  876 root           -8    -     0K    16K wrkwai  1   0:00   0.00% md6.uzip
  926 root           -8    -     0K    16K mdwait  0   0:00   0.00% md7
   23 root           -8    -     0K    16K mdwait  0   0:00   0.00% md0
 1090 root           -8    -     0K    16K wrkwai  0   0:00   0.00% md10.uzip
27288 root           72    0 65932K  6736K CPU0    0   0:00   0.00% top
   16 root          -76    -     0K   848K WAIT    0   0:00   0.00% intr{swi0: uart uart}
 2618 root           -8    -     0K    16K mdwait  0   0:00   0.00% md29
 3037 root           -8    -     0K    16K mdwait  0   0:00   0.00% md37
 2091 root           -8    -     0K    16K mdwait  0   0:00   0.00% md19
 6368 root           20    0   711M  4260K select  0   0:00   0.00% fipsd
 6212 root           20    0 39892K  2396K ttyin   0   0:00   0.00% getty.junos
 2832 root           -8    -     0K    16K mdwait  0   0:00   0.00% md33
27085 root           29    0 14892K  2288K wait    0   0:00   0.00% sh
 1039 root           -8    -     0K    16K wrkwai  0   0:00   0.00% md9.uzip
 6211 root           52    0 39892K  2396K ttyin   0   0:00   0.00% getty.junos
  827 root           -8    -     0K    16K wrkwai  0   0:00   0.00% md5.uzip
 2986 root           -8    -     0K    16K wrkwai  0   0:00   0.00% md36.uzip
 2142 root           -8    -     0K    16K mdwait  0   0:00   0.00% md20
 1811 root           -8    -     0K    16K mdwait  1   0:00   0.00% md15
 1151 root           -8    -     0K    16K mdwait  0   0:00   0.00% md11
 2781 root           -8    -     0K    16K mdwait  0   0:00   0.00% md32
 6247 root           20    0   737M 15908K select  0   0:00   0.00% jsd{jsd}
 2731 root           -8    -     0K    16K wrkwai  0   0:00   0.00% md31.uzip
  875 root           -8    -     0K    16K mdwait  1   0:00   0.00% md6
 1812 root           -8    -     0K    16K wrkwai  1   0:00   0.00% md15.uzip
 6360 root           22    0  8548K  2208K select  0   0:00   0.00% tnp.sntpd
 2389 root           -8    -     0K    16K mdwait  0   0:00   0.00% md25
 2884 root           -8    -     0K    16K wrkwai  0   0:00   0.00% md34.uzip
 2985 root           -8    -     0K    16K mdwait  0   0:00   0.00% md36
  978 root           -8    -     0K    16K wrkwai  1   0:00   0.00% md8.uzip
 2935 root           -8    -     0K    16K wrkwai  1   0:00   0.00% md35.uzip
 1914 root           -8    -     0K    16K wrkwai  1   0:00   0.00% md16.uzip
 2570 root           -8    -     0K    16K wrkwai  1   0:00   0.00% md28.uzip
 1089 root           -8    -     0K    16K mdwait  0   0:00   0.00% md10
27089 root           29    0 14892K  2284K wait    0   0:00   0.00% sh
 1913 root           -8    -     0K    16K mdwait  1   0:00   0.00% md16
 1038 root           -8    -     0K    16K mdwait  0   0:00   0.00% md9
  826 root           -8    -     0K    16K mdwait  0   0:00   0.00% md5
  728 root           -8    -     0K    16K wrkwai  1   0:00   0.00% md3.uzip
 2730 root           -8    -     0K    16K mdwait  0   0:00   0.00% md31
   16 root          -84    -     0K   848K WAIT    0   0:00   0.00% intr{irq1: atkbd0}
 2934 root           -8    -     0K    16K mdwait  1   0:00   0.00% md35
 2883 root           -8    -     0K    16K mdwait  0   0:00   0.00% md34
 1989 root           -8    -     0K    16K mdwait  1   0:00   0.00% md17
 6361 root           20    0   747M 11824K sigwai  0   0:00   0.00% jsqlsyncd{jsqlsyncd}
  977 root           -8    -     0K    16K mdwait  1   0:00   0.00% md8
  727 root           -8    -     0K    16K mdwait  1   0:00   0.00% md3
 2569 root           -8    -     0K    16K mdwait  1   0:00   0.00% md28
 4588 root           -8    -     0K    16K mdwait  0   0:00   0.00% md39
 6191 root           52    0 39572K  2016K wait    0   0:00   0.00% jlaunchhelperd
 6361 root           20    0   747M 11824K sbwait  0   0:00   0.00% jsqlsyncd{jsqlsyncd}
 6256 root           20    0    99M 13704K select  0   0:00   0.00% llmd{llmd}
    0 root            8    -     0K   208K -       0   0:00   0.00% kernel{acpi_task_0}
 6256 root           20    0    99M 13704K select  0   0:00   0.00% llmd{llmd}
 6256 root           20    0    99M 13704K select  0   0:00   0.00% llmd{llmd}
 6256 root           20    0    99M 13704K select  0   0:00   0.00% llmd{llmd}
 6256 root           20    0    99M 13704K select  0   0:00   0.00% llmd{llmd}
 6256 root           20    0    99M 13704K select  0   0:00   0.00% llmd{llmd}
 6256 root           20    0    99M 13704K select  0   0:00   0.00% llmd{llmd}
   16 root          -64    -     0K   848K WAIT    0   0:00   0.00% intr{swi3: ipopt ip6opt}
   38 root          -16    -     0K    16K select  0   0:00   0.00% if_pic_listen0
 6256 root           20    0    99M 13704K select  0   0:00   0.00% llmd{llmd}
 6256 root           20    0    99M 13704K select  0   0:00   0.00% llmd{llmd}
 6256 root           20    0    99M 13704K select  0   0:00   0.00% llmd{llmd}
   16 root          -52    -     0K   848K WAIT    0   0:00   0.00% intr{swi6: Giant taskq}
   43 root          -16    -     0K    16K select  0   0:00   0.00% if_pfe_listen
   29 root          -16    -     0K    16K dump_r  1   0:00   0.00% kern_dump_proc
    0 root            8    -     0K   208K -       1   0:00   0.00% kernel{acpi_task_1}
 6230 root           20    0  2769M  2663M kqread  0   0:00   0.00% srxpfe{eal-intr-thread}
    0 root           -8    -     0K   208K -       0   0:00   0.00% kernel{CAM taskq}
 6362 root           36    0   729M  8640K select  0   0:00   0.00% repd{repd}
   40 root          -16    -     0K    16K purge_  0   0:00   0.00% kern_pir_proc
 6230 root           20    0  2769M  2663M sbwait  0   0:00   0.00% srxpfe{rte_mp_handle}
 6256 root           52    0    99M 13704K uwait   0   0:00   0.00% llmd{llmd}
 4982 root          -16    -     0K    16K ftcl    0   0:00   0.00% ftcleanup
   41 root          -16    -     0K    16K kkcm_n  0   0:00   0.00% jsr_kkcm
   37 root          -16    -     0K    16K sleep   0   0:00   0.00% netdaemon
 6256 root           52    0    99M 13704K uwait   0   0:00   0.00% llmd{llmd}
    0 root            8    -     0K   208K -       0   0:00   0.00% kernel{acpi_task_2}
   42 root          -16    -     0K    16K jsr_js  0   0:00   0.00% jsr_jsm
   12 root          -16    -     0K    16K KPF th  0   0:00   0.00% kpf0
    0 root            8    -     0K   208K -       0   0:00   0.00% kernel{kqueue_ctx taskq}
    0 root            8    -     0K   208K -       0   0:00   0.00% kernel{aiod_kick taskq}
    0 root            8    -     0K   208K -       0   0:00   0.00% kernel{mastership taskq}
   30 root          -16    -     0K    32K umarcl  1   0:00   0.00% pagedaemon{uma}
   13 root          -16    -     0K    16K KPF th  0   0:00   0.00% kpf1
   21 root          -16    -     0K    16K idle    0   0:00   0.00% mpt_recovery0
   18 root          -16    -     0K    16K crypto  0   0:00   0.00% crypto
   10 root          -16    -     0K    16K audit_  0   0:00   0.00% audit
   31 root          -16    -     0K    16K psleep  0   0:00   0.00% vmdaemon
    3 root          -16    -     0K    16K jfe_jo  0   0:00   0.00% jfe_job_1_0
    4 root          -16    -     0K    16K jfe_jo  0   0:00   0.00% jfe_job_1_1
    5 root          -16    -     0K    16K jfe_jo  0   0:00   0.00% jfe_job_2_0
    6 root          -16    -     0K    16K jfe_jo  0   0:00   0.00% jfe_job_3_0
    7 root          -16    -     0K    16K jfe_jo  0   0:00   0.00% jfe_job_3_1
   14 root          -16    -     0K    16K KPF th  0   0:00   0.00% kpf2
   15 root          -16    -     0K    16K KPF th  0   0:00   0.00% kpf3
    0 root          -100    -     0K   208K -       0   0:00   0.00% kernel{system_taskq_0}
    0 root          -16    -     0K   208K -       0   0:00   0.00% kernel{dtrace_taskq}
   19 root          -16    -     0K    16K crypto  0   0:00   0.00% crypto returns
    0 root          -100    -     0K   208K -       0   0:00   0.00% kernel{system_taskq_1}
   16 root          -52    -     0K   848K WAIT   -1   0:00   0.00% intr{swi6: task queue}
   16 root          -56    -     0K   848K WAIT   -1   0:00   0.00% intr{swi5: fast taskq}
   16 root          -60    -     0K   848K WAIT   -1   0:00   0.00% intr{swi4: ip_mismatch+}
   16 root          -60    -     0K   848K WAIT   -1   0:00   0.00% intr{swi4: clock (1)}
   16 root          -64    -     0K   848K WAIT   -1   0:00   0.00% intr{swi3: vm}
   16 root          -72    -     0K   848K WAIT   -1   0:00   0.00% intr{swi1: ipfwd}
   16 root          -72    -     0K   848K WAIT   -1   0:00   0.00% intr{swi1: ndpisr-E}
   16 root          -72    -     0K   848K WAIT   -1   0:00   0.00% intr{swi1: ndpisr-I}
   16 root          -80    -     0K   848K WAIT   -1   0:00   0.00% intr{irq257: pcib4}
   16 root          -80    -     0K   848K WAIT   -1   0:00   0.00% intr{irq286: pcib33}
   16 root          -80    -     0K   848K WAIT   -1   0:00   0.00% intr{irq287: pcib34}
   16 root          -80    -     0K   848K WAIT   -1   0:00   0.00% intr{irq284: pcib31}
   16 root          -80    -     0K   848K WAIT   -1   0:00   0.00% intr{irq283: pcib30}
   16 root          -80    -     0K   848K WAIT   -1   0:00   0.00% intr{irq282: pcib29}
   16 root          -80    -     0K   848K WAIT   -1   0:00   0.00% intr{irq260: pcib7}
   16 root          -80    -     0K   848K WAIT   -1   0:00   0.00% intr{irq259: pcib6}
   16 root          -80    -     0K   848K WAIT   -1   0:00   0.00% intr{irq258: pcib5}
   16 root          -80    -     0K   848K WAIT   -1   0:00   0.00% intr{irq285: pcib32}
   16 root          -80    -     0K   848K WAIT   -1   0:00   0.00% intr{irq256: pcib3}
   16 root          -80    -     0K   848K WAIT   -1   0:00   0.00% intr{irq281: pcib28}
   16 root          -80    -     0K   848K WAIT   -1   0:00   0.00% intr{irq280: pcib27}
   16 root          -80    -     0K   848K WAIT   -1   0:00   0.00% intr{irq279: pcib26}
   16 root          -80    -     0K   848K WAIT   -1   0:00   0.00% intr{irq278: pcib25}
   16 root          -80    -     0K   848K WAIT   -1   0:00   0.00% intr{irq277: pcib24}
   16 root          -80    -     0K   848K WAIT   -1   0:00   0.00% intr{irq276: pcib23}
   16 root          -80    -     0K   848K WAIT   -1   0:00   0.00% intr{irq275: pcib22}
   16 root          -80    -     0K   848K WAIT   -1   0:00   0.00% intr{irq274: pcib21}
   16 root          -80    -     0K   848K WAIT   -1   0:00   0.00% intr{irq273: pcib20}
   16 root          -80    -     0K   848K WAIT   -1   0:00   0.00% intr{irq272: pcib19}
   16 root          -80    -     0K   848K WAIT   -1   0:00   0.00% intr{irq271: pcib18}
   16 root          -80    -     0K   848K WAIT   -1   0:00   0.00% intr{irq270: pcib17}
   16 root          -80    -     0K   848K WAIT   -1   0:00   0.00% intr{irq269: pcib16}
   16 root          -80    -     0K   848K WAIT   -1   0:00   0.00% intr{irq268: pcib15}
   16 root          -80    -     0K   848K WAIT   -1   0:00   0.00% intr{irq267: pcib14}
   16 root          -80    -     0K   848K WAIT   -1   0:00   0.00% intr{irq266: pcib13}
   16 root          -80    -     0K   848K WAIT   -1   0:00   0.00% intr{irq265: pcib12}
   16 root          -80    -     0K   848K WAIT   -1   0:00   0.00% intr{irq264: pcib11}
   16 root          -80    -     0K   848K WAIT   -1   0:00   0.00% intr{irq263: pcib10}
   16 root          -80    -     0K   848K WAIT   -1   0:00   0.00% intr{irq262: pcib9}
   16 root          -80    -     0K   848K WAIT   -1   0:00   0.00% intr{irq261: pcib8}
   16 root          -84    -     0K   848K WAIT   -1   0:00   0.00% intr{irq3: uart1}
   16 root          -84    -     0K   848K WAIT   -1   0:00   0.00% intr{irq4: uart0}
   16 root          -88    -     0K   848K WAIT   -1   0:00   0.00% intr{irq15: ata1}
   16 root          -88    -     0K   848K WAIT   -1   0:00   0.00% intr{irq14: ata0}
   16 root          -92    -     0K   848K WAIT   -1   0:00   0.00% intr{irq288: vmx0}



root@HUD-VX0000VSRX01> show pfe statistics error

No PFE slots are presently online.


root@HUD-VX0000VSRX01> show pfe statistics traffic



root@HUD-VX0000VSRX01> show chassis routing-engine no-forwarding

Routing Engine status:
    Total memory              4050 MB Max  3159 MB used ( 78 percent)
      Control plane memory    4050 MB Max  3159 MB used ( 78 percent)
    5 sec CPU utilization:
      User                       0 percent
      Background                 0 percent
      Kernel                     2 percent
      Interrupt                  0 percent
      Idle                      98 percent
    Model                          VSRX RE
    Start time                     2019-11-26 22:56:21 UTC
    Uptime                         8 days, 15 hours, 22 minutes, 31 seconds
    Last reboot reason             Router rebooted after a normal shutdown.
    Load averages:                 1 minute   5 minute  15 minute
                                       1.33       1.28       1.25


root@HUD-VX0000VSRX01> show chassis environment no-forwarding

Class Item                           Status     Measurement
Temp  Routing Engine                 Testing
      Routing Engine CPU             Absent
Power Power Supply 0                 OK


root@HUD-VX0000VSRX01> show chassis firmware no-forwarding

Part                     Type       Version
FPC                      O/S        Version 19.2R1.8 by builder on 2019-06-21 19:10:39 UTC
FWDD                     O/S        Version 19.2R1.8 by builder on 2019-06-21 19:10:39 UTC


root@HUD-VX0000VSRX01> show chassis fpc detail no-forwarding

Slot 0 information:
  State                               Online
  Total CPU DRAM                      ---- CPU less FPC ----
  Start time                          2019-11-26 22:59:35 UTC
  Uptime                              8 days, 15 hours, 19 minutes, 18 seconds


root@HUD-VX0000VSRX01> show system boot-messages no-forwarding

Copyright (c) 1992-2017 The FreeBSD Project.
Copyright (c) 1979, 1980, 1983, 1986, 1988, 1989, 1991, 1992, 1993, 1994
	The Regents of the University of California. All rights reserved.
FreeBSD is a registered trademark of The FreeBSD Foundation.
FreeBSD JNPR-11.0-20190517.f0321c3_builder_stable_11 #0 r356482+f0321c3e9c9(HEAD): Fri May 17 03:41:56 PDT 2019
    builder@feyrith.juniper.net:/volume/build/junos/occam/llvm-5.0/sandbox-20190425/freebsd/stable_11/20190425.010559_builder_stable_11.f0321c3/obj/amd64/juniper/kernels/JNPR-AMD64-PRD/kernel amd64
Juniper clang version 5.0.2  (based on LLVM 5.0.2)
VT(vga): text 80x25
CPU: Intel(R) Xeon(R) Gold 6248 CPU @ 2.50GHz (2494.14-MHz K8-class CPU)
  Origin="GenuineIntel"  Id=0x50657  Family=0x6  Model=0x55  Stepping=7
  Features=0xf83fbff<FPU,VME,DE,PSE,TSC,MSR,PAE,MCE,CX8,APIC,SEP,MTRR,PGE,MCA,CMOV,PAT,PSE36,MMX,FXSR,SSE,SSE2,SS>
  Features2=0xf6fa3203<SSE3,PCLMULQDQ,SSSE3,FMA,CX16,PCID,SSE4.1,SSE4.2,x2APIC,MOVBE,POPCNT,AESNI,XSAVE,AVX,F16C,RDRAND,HV>
  AMD Features=0x2c100800<SYSCALL,NX,Page1GB,RDTSCP,LM>
  AMD Features2=0x101<LAHF,Prefetch>
  Structured Extended Features=0x240<FDPEXC,ERMS>
  TSC: P-state invariant
Hypervisor: Origin = "VMwareVMware"
real memory  = 4294967296 (4096 MB)
avail memory = 4077137920 (3888 MB)
Event timer "LAPIC" quality 600
ACPI APIC Table: <PTLTD  	 APIC  >
mtx_platform_early_bootinit: M/T/EX/SRX Series Early Boot Initialization
Setting RE type to VSRX (185)
FreeBSD/SMP: Multiprocessor System Detected: 2 CPUs
FreeBSD/SMP: 2 package(s)
random: entropy device external interface
random: <Fortuna> initialized
Security policy loaded: Junos MAC/fips (mac_fips)
Security policy loaded: JUNOS MAC/privcheck (mac_privcheck)
Security policy loaded: Junos MAC/SDK (mac_sdk)
Security policy loaded: MAC/veriexec (mac_veriexec)
MAC/veriexec fingerprint module loaded: SHA1
MAC/veriexec fingerprint module loaded: SHA256
MAC/veriexec fingerprint module loaded: SHA384
MADT: Forcing active-low polarity and level trigger for SCI
ioapic0 <Version 1.1> irqs 0-23 on motherboard
netisr_init: forcing maxthreads from 4 to 2
random: registering fast source Intel Secure Key RNG
random: fast provider: "Intel Secure Key RNG"
 0: virt=0xfffffe011e800000 phys=0x100000000
 1: virt=0xfffffe013e800000 phys=0x20000000
 2: virt=0xfffffe015e800000 phys=0x40000000
 3: virt=0xfffffe017e800000 phys=0x60000000
 4: virt=0xfffffe019e800000 phys=0x80000000
Initializing M/T/EX platform properties ..
nexus0
ofwbus0: <Open Firmware Device Tree> on motherboard
fdtio0: <FDT I/O port space> on ofwbus0
fpga0: <RE system controller> port 0x191-0x198 on fdtio0
vtvga0: <VT VGA driver> on motherboard
cryptosoft0: <software crypto> on motherboard
acpi0: <INTEL 440BX> on motherboard
acpi0: Power Button (fixed)
hpet0: <High Precision Event Timer> iomem 0xfed00000-0xfed003ff on acpi0
Timecounter "HPET" frequency 14318180 Hz quality 950
cpu0: <ACPI CPU> on acpi0
cpu1: <ACPI CPU> on acpi0
attimer0: <AT timer> port 0x40-0x43 irq 0 on acpi0
Timecounter "i8254" frequency 1193182 Hz quality 0
Event timer "i8254" frequency 1193182 Hz quality 100
atrtc0: <AT realtime clock> port 0x70-0x71 irq 8 on acpi0
Event timer "RTC" frequency 32768 Hz quality 0
Timecounter "ACPI-fast" frequency 3579545 Hz quality 900
acpi_timer0: <24-bit timer at 3.579545MHz> port 0x1008-0x100b on acpi0
pcib0: <ACPI Host-PCI bridge> port 0xcf8-0xcff on acpi0
pci0: <ACPI PCI bus> on pcib0
pcib1: <ACPI PCI-PCI bridge> at device 1.0 on pci0
pci1: <ACPI PCI bus> on pcib1
gpio0: <GPIO controller> at device 7.0 on pci0
device_attach: gpio0 attach returned 6
atapci0: <Intel PIIX4 UDMA33 controller> port 0x1f0-0x1f7,0x3f6,0x170-0x177,0x376,0x1060-0x106f at device 7.1 on pci0
ata0: <ATA channel> at channel 0 on atapci0
ata1: <ATA channel> at channel 1 on atapci0
smb0: <Intel 82371AB SMB controller> port 0x1040-0x104f at device 7.3 on pci0
smb0: controller initialization failed
pci cmd reg = 0x0001, SMB host conf = 0x00
vgapci0: <VGA-compatible display> port 0x1070-0x107f mem 0xec000000-0xefffffff,0xfe000000-0xfe7fffff irq 16 at device 15.0 on pci0
vgapci0: Boot video device
mpt0: <LSILogic 1030 Ultra4 Adapter> port 0x1400-0x14ff mem 0xfeba0000-0xfebbffff,0xfebc0000-0xfebdffff irq 17 at device 16.0 on pci0
mpt0: MPI Version=1.2.0.0
pcib2: <ACPI PCI-PCI bridge> at device 17.0 on pci0
pci2: <ACPI PCI bus> on pcib2
pcib3: <ACPI PCI-PCI bridge> at device 21.0 on pci0
pcib3: [GIANT-LOCKED]
pci3: <ACPI PCI bus> on pcib3
pci3: <network, ethernet> at device 0.0 (no driver attached)
pcib4: <ACPI PCI-PCI bridge> at device 21.1 on pci0
pcib4: [GIANT-LOCKED]
pci4: <ACPI PCI bus> on pcib4
pci4: <network, ethernet> at device 0.0 (no driver attached)
pcib5: <ACPI PCI-PCI bridge> at device 21.2 on pci0
pcib5: [GIANT-LOCKED]
pci5: <ACPI PCI bus> on pcib5
pci5: <network, ethernet> at device 0.0 (no driver attached)
pcib6: <ACPI PCI-PCI bridge> at device 21.3 on pci0
pcib6: [GIANT-LOCKED]
pcib7: <ACPI PCI-PCI bridge> at device 21.4 on pci0
pcib7: [GIANT-LOCKED]
pcib8: <ACPI PCI-PCI bridge> at device 21.5 on pci0
pcib8: [GIANT-LOCKED]
pcib9: <ACPI PCI-PCI bridge> at device 21.6 on pci0
pcib9: [GIANT-LOCKED]
pcib10: <ACPI PCI-PCI bridge> at device 21.7 on pci0
pcib10: [GIANT-LOCKED]
pcib11: <ACPI PCI-PCI bridge> at device 22.0 on pci0
pcib11: [GIANT-LOCKED]
pci6: <ACPI PCI bus> on pcib11
pci6: <network, ethernet> at device 0.0 (no driver attached)
pcib12: <ACPI PCI-PCI bridge> at device 22.1 on pci0
pcib12: [GIANT-LOCKED]
pci7: <ACPI PCI bus> on pcib12
pci7: <network, ethernet> at device 0.0 (no driver attached)
pcib13: <ACPI PCI-PCI bridge> at device 22.2 on pci0
pcib13: [GIANT-LOCKED]
pci8: <ACPI PCI bus> on pcib13
pci8: <network, ethernet> at device 0.0 (no driver attached)
pcib14: <ACPI PCI-PCI bridge> at device 22.3 on pci0
pcib14: [GIANT-LOCKED]
pcib15: <ACPI PCI-PCI bridge> at device 22.4 on pci0
pcib15: [GIANT-LOCKED]
pcib16: <ACPI PCI-PCI bridge> at device 22.5 on pci0
pcib16: [GIANT-LOCKED]
pcib17: <ACPI PCI-PCI bridge> at device 22.6 on pci0
pcib17: [GIANT-LOCKED]
pcib18: <ACPI PCI-PCI bridge> at device 22.7 on pci0
pcib18: [GIANT-LOCKED]
pcib19: <ACPI PCI-PCI bridge> at device 23.0 on pci0
pcib19: [GIANT-LOCKED]
pci9: <ACPI PCI bus> on pcib19
pci9: <network, ethernet> at device 0.0 (no driver attached)
pcib20: <ACPI PCI-PCI bridge> at device 23.1 on pci0
pcib20: [GIANT-LOCKED]
pci10: <ACPI PCI bus> on pcib20
pci10: <network, ethernet> at device 0.0 (no driver attached)
pcib21: <ACPI PCI-PCI bridge> at device 23.2 on pci0
pcib21: [GIANT-LOCKED]
pcib22: <ACPI PCI-PCI bridge> at device 23.3 on pci0
pcib22: [GIANT-LOCKED]
pcib23: <ACPI PCI-PCI bridge> at device 23.4 on pci0
pcib23: [GIANT-LOCKED]
pcib24: <ACPI PCI-PCI bridge> at device 23.5 on pci0
pcib24: [GIANT-LOCKED]
pcib25: <ACPI PCI-PCI bridge> at device 23.6 on pci0
pcib25: [GIANT-LOCKED]
pcib26: <ACPI PCI-PCI bridge> at device 23.7 on pci0
pcib26: [GIANT-LOCKED]
pcib27: <ACPI PCI-PCI bridge> at device 24.0 on pci0
pcib27: [GIANT-LOCKED]
pci11: <ACPI PCI bus> on pcib27
pci11: <network, ethernet> at device 0.0 (no driver attached)
pcib28: <ACPI PCI-PCI bridge> at device 24.1 on pci0
pcib28: [GIANT-LOCKED]
pci12: <ACPI PCI bus> on pcib28
pci12: <network, ethernet> at device 0.0 (no driver attached)
pcib29: <ACPI PCI-PCI bridge> at device 24.2 on pci0
pcib29: [GIANT-LOCKED]
pcib30: <ACPI PCI-PCI bridge> at device 24.3 on pci0
pcib30: [GIANT-LOCKED]
pcib31: <ACPI PCI-PCI bridge> at device 24.4 on pci0
pcib31: [GIANT-LOCKED]
pcib32: <ACPI PCI-PCI bridge> at device 24.5 on pci0
pcib32: [GIANT-LOCKED]
pcib33: <ACPI PCI-PCI bridge> at device 24.6 on pci0
pcib33: [GIANT-LOCKED]
pcib34: <ACPI PCI-PCI bridge> at device 24.7 on pci0
pcib34: [GIANT-LOCKED]
acpi_acad0: <AC Adapter> on acpi0
atkbdc0: <Keyboard controller (i8042)> port 0x60,0x64 irq 1 on acpi0
atkbd0: <AT Keyboard> irq 1 on atkbdc0
atkbd0: [GIANT-LOCKED]
isab0: <ACPI Generic ISA bridge> on acpi0
isa0: <ISA bus> on isab0
uart0: <16550 or compatible> port 0x3f8-0x3ff irq 4 on acpi0
uart0: console (10472,n,8,1)
uart0: [GIANT-LOCKED]
uart1: <16550 or compatible> port 0x2f8-0x2ff irq 3 on acpi0
uart1: [GIANT-LOCKED]
orm0: <ISA Option ROMs> at iomem 0xc0000-0xc7fff,0xc8000-0xc9fff,0xca000-0xcafff,0xcb000-0xcbfff,0xcc000-0xccfff,0xcd000-0xcdfff,0xce000-0xcefff,0xcf000-0xcffff,0xd0000-0xd0fff,0xd1000-0xd1fff,0xd2000-0xd2fff,0xd3000-0xd3fff,0xdc000-0xdffff,0xe0000-0xe7fff on isa0
acpi_throttle0: <ACPI CPU Throttling> on cpu0
acpi_throttle1: <ACPI CPU Throttling> on cpu1
acpi_throttle1: failed to attach P_CNT
device_attach: acpi_throttle1 attach returned 6
Initializing Kernel PVIDB.
mt_product_prop_init: product_model = vsrx vsrx
load_static_kernel_pvidb_data: Initialising vsrx Early PVIDB len = 24960
Unified Services mode is turned off(0)
Initializing product: 184 ..
Setting up M/T interface operations and attributes

ure_set_prodinfo Setting PDK(0xfffff80003806780) vectors for Unified RE
platform_mastership_init: Unknown product_type 0x000000b8
JUNOS procfs is initialized.
Timecounters tick every 1.000 msec
can't re-use a leaf (pvidb_rootnode)!
Registering tcp_platform_dependent = tcp_handle_special_ports
md0: Preloaded image </packages/sets/active/boot/os-kernel/contents.izo> 8897024 bytes at 0xffffffff824e41c0
(da0:mpt0:0:0:0): UNMAPPED
da0 at mpt0 bus 0 scbus2 target 0 lun 0
da0: <VMware Virtual disk 1.0> Fixed Direct Access SCSI-2 device
da0: 320.000MB/s transfers (160.000MHz DT, offset 127, 16bit)
da0: Command Queueing enabled
da0: 18438MB (37761024 512 byte sectors)
da0: quirks=0x40<RETRY_BUSY>
random: unblocking device.
SMP: AP CPU #1 Launched!
Kernel thread "wkupdaemon" (pid 44) exited prematurely.
Trying to mount root from cd9660:/dev/md0.uzip []...
nic_uio: hw.nic_uio.bdfs = '19:0:0,27:0:0,4:0:0,12:0:0,20:0:0,28:0:0,5:0:0,13:0:0'
nic_uio_load: detaching and storing dev=0xfffff8000570c500
nic_uio_load: detaching and storing dev=0xfffff80005822200
nic_uio_load: detaching and storing dev=0xfffff800057a2100
nic_uio_load: detaching and storing dev=0xfffff800057a0900
nic_uio_load: detaching and storing dev=0xfffff80005823300
nic_uio_load: detaching and storing dev=0xfffff80005821d00
nic_uio_load: detaching and storing dev=0xfffff800057a1c00
nic_uio_load: detaching and storing dev=0xfffff800057a0500
gpio0: <GPIO controller> at device 7.0 on pci0
device_attach: gpio0 attach returned 6
nic_uio0: <DPDK PCI Device> port 0x8000-0x800f mem 0xfd1fc000-0xfd1fcfff,0xfd1fd000-0xfd1fdfff,0xfd1fe000-0xfd1fffff irq 18 at device 0.0 on pci4
nic_uio1: <DPDK PCI Device> port 0xc000-0xc00f mem 0xfcdfc000-0xfcdfcfff,0xfcdfd000-0xfcdfdfff,0xfcdfe000-0xfcdfffff irq 18 at device 0.0 on pci5
nic_uio2: <DPDK PCI Device> port 0x9000-0x900f mem 0xfd0fc000-0xfd0fcfff,0xfd0fd000-0xfd0fdfff,0xfd0fe000-0xfd0fffff irq 19 at device 0.0 on pci7
nic_uio3: <DPDK PCI Device> port 0xd000-0xd00f mem 0xfccfc000-0xfccfcfff,0xfccfd000-0xfccfdfff,0xfccfe000-0xfccfffff irq 19 at device 0.0 on pci8
nic_uio4: <DPDK PCI Device> port 0x6000-0x600f mem 0xfd3fc000-0xfd3fcfff,0xfd3fd000-0xfd3fdfff,0xfd3fe000-0xfd3fffff irq 16 at device 0.0 on pci9
nic_uio5: <DPDK PCI Device> port 0xa000-0xa00f mem 0xfcffc000-0xfcffcfff,0xfcffd000-0xfcffdfff,0xfcffe000-0xfcffffff irq 16 at device 0.0 on pci10
nic_uio6: <DPDK PCI Device> port 0x7000-0x700f mem 0xfd2fc000-0xfd2fcfff,0xfd2fd000-0xfd2fdfff,0xfd2fe000-0xfd2fffff irq 17 at device 0.0 on pci11
nic_uio7: <DPDK PCI Device> port 0xb000-0xb00f mem 0xfcefc000-0xfcefcfff,0xfcefd000-0xfcefdfff,0xfcefe000-0xfcefffff irq 17 at device 0.0 on pci12
gpio0: <GPIO controller> at device 7.0 on pci0
device_attach: gpio0 attach returned 6
vmx0: <VMware VMXNET3 Ethernet Adapter> port 0x4000-0x400f mem 0xfd5fc000-0xfd5fcfff,0xfd5fd000-0xfd5fdfff,0xfd5fe000-0xfd5fffff irq 18 at device 0.0 on pci3
vmx1: <VMware VMXNET3 Ethernet Adapter> port 0x5000-0x500f mem 0xfd4fc000-0xfd4fcfff,0xfd4fd000-0xfd4fdfff,0xfd4fe000-0xfd4fffff irq 19 at device 0.0 on pci6
gpio0: <GPIO controller> at device 7.0 on pci0
device_attach: gpio0 attach returned 6
gpio0: <GPIO controller> at device 7.0 on pci0
device_attach: gpio0 attach returned 6
gpio0: <GPIO controller> at device 7.0 on pci0
device_attach: gpio0 attach returned 6
Reconfiguring vmx0 to fxp0 ...
Reconfiguring vmx1 to em0 ...
gpio0: <GPIO controller> at device 7.0 on pci0
device_attach: gpio0 attach returned 6
Loading JUNOS chassis module
chassis_init_hw_chassis_startup_time: chassis startup time 0.000000, shared: 0x7ffffffff300, base: 0x7ffffffff000, offset: 0x300
IPsec: Initialized Security Association Processing.
hwpmc: Cannot initialize hwpmc module in a virtualmachine
module_register_init: MOD_LOAD (hwpmc, 0xffffffff80439080, 0xffffffff831a3008) error 1
Loading the SLB driver
Loading the Protobuf-C module
gpio0: <GPIO controller> at device 7.0 on pci0
device_attach: gpio0 attach returned 6

pci-hgcomdev module loaded

 Loading BCMSDK module.....
veriexec: no fingerprint for file='/sbin/kats/cannot-exec' fsid=170 fileid=49356 gen=1 uid=0 pid=5329
lag enhanced disabled 0
setsockopt(RTS_ASYNC_NEED_RESYNC) ignored (sdk-vmmd): client already active
setsockopt(RTS_ASYNC_NEED_RESYNC) ignored (shm-rtsdbd): client already active
setsockopt(RTS_ASYNC_NEED_RESYNC) ignored (pfed): client already active
setsockopt(RTS_ASYNC_NEED_RESYNC) ignored (appidd): client already active
setsockopt(RTS_ASYNC_NEED_RESYNC) ignored (idpd): client already active
rts_ifstate_chk_multi_registration: daemon chassisd(6214) has previously registered 1 time(s)
setsockopt(RTS_ASYNC_NEED_RESYNC) ignored (chassisd): client already active
ifstate client : snmpd closing down  Total dead ifstate clients : 1
rts_ifstate_client_close_job_handler: PHASE 1 entered, client:0xfffff800b418ac00, cl num:123, cl name:snmpd, next_state:0 ticks 2146978077 start_ticks 2146978077
rts_ifstate_client_close_job_handler: PHASE 2 entered, client:0xfffff800b418ac00, cl num:123,  cl name:snmpd, next_state:0xfffff800055fdb00, ifs_head:0xfffff800055fdb00 ticks 2146978077 start_ticks 2146978077
rts_ifstate_client_close_job_handler: client:0xfffff800b418ac00 client close job done, cl name:snmpd, cl num:123
rts_ifstate_client_close_job_handler: Client-closing completed!  snmpd(123):0xfffff800b418ac00  num:0ticks 2146978077 start_ticks 2146978077
Cleanup of dead ifstate client: snmpd done  Total dead ifstate client : 0
setsockopt(RTS_ASYNC_NEED_RESYNC) ignored (agentd): client already active
ip_rttable_op() rtb id 3 ifl map table max size 16382.
setsockopt(RTS_ASYNC_NEED_RESYNC) ignored (license-check): client already active
nic_uio4: Allocate 25 MSI-X
nic_uio4: Bar 0 @ fd3fc000, size 1000
nic_uio4: Allocate 25 MSI-X
nic_uio4: Bar 1 @ fd3fd000, size 1000
nic_uio4: Allocate 25 MSI-X
nic_uio4: Bar 2 @ fd3fe000, size 2000
nic_uio6: Allocate 25 MSI-X
nic_uio6: Bar 0 @ fd2fc000, size 1000
nic_uio6: Allocate 25 MSI-X
nic_uio6: Bar 1 @ fd2fd000, size 1000
nic_uio6: Allocate 25 MSI-X
nic_uio6: Bar 2 @ fd2fe000, size 2000
nic_uio0: Allocate 25 MSI-X
nic_uio0: Bar 0 @ fd1fc000, size 1000
nic_uio0: Allocate 25 MSI-X
nic_uio0: Bar 1 @ fd1fd000, size 1000
nic_uio0: Allocate 25 MSI-X
nic_uio0: Bar 2 @ fd1fe000, size 2000
nic_uio2: Allocate 25 MSI-X
nic_uio2: Bar 0 @ fd0fc000, size 1000
nic_uio2: Allocate 25 MSI-X
nic_uio2: Bar 1 @ fd0fd000, size 1000
nic_uio2: Allocate 25 MSI-X
nic_uio2: Bar 2 @ fd0fe000, size 2000
nic_uio5: Allocate 25 MSI-X
nic_uio5: Bar 0 @ fcffc000, size 1000
nic_uio5: Allocate 25 MSI-X
nic_uio5: Bar 1 @ fcffd000, size 1000
nic_uio5: Allocate 25 MSI-X
nic_uio5: Bar 2 @ fcffe000, size 2000
nic_uio7: Allocate 25 MSI-X
nic_uio7: Bar 0 @ fcefc000, size 1000
nic_uio7: Allocate 25 MSI-X
nic_uio7: Bar 1 @ fcefd000, size 1000
nic_uio7: Allocate 25 MSI-X
nic_uio7: Bar 2 @ fcefe000, size 2000
nic_uio1: Allocate 25 MSI-X
nic_uio1: Bar 0 @ fcdfc000, size 1000
nic_uio1: Allocate 25 MSI-X
nic_uio1: Bar 1 @ fcdfd000, size 1000
nic_uio1: Allocate 25 MSI-X
nic_uio1: Bar 2 @ fcdfe000, size 2000
nic_uio3: Allocate 25 MSI-X
nic_uio3: Bar 0 @ fccfc000, size 1000
nic_uio3: Allocate 25 MSI-X
nic_uio3: Bar 1 @ fccfd000, size 1000
nic_uio3: Allocate 25 MSI-X
nic_uio3: Bar 2 @ fccfe000, size 2000
TNPv3: adding local neighbor entry 0x0FA00001 hopcount 0 to interface em0.
em0.0 ip address changed (ADD) addr: 143.160.0.1
update_slave_peer_gres_status: vksid 0 is_slave_peer_gres_ready 0 is_local_slave_peer_gres_ready 0
vks[0] 0 vks[1] 0
PFE-MASTER - vks[0] 1 vks[1] 0
PURGE AE pending table: 0 entries and 0 child NHs removed
ifd_request: RTM_ID <34> should only do pointchanges
ifd_request: RTM_ID <34> should only do pointchanges
ifd_request: RTM_ID <34> should only do pointchanges
ifd_request: RTM_ID <34> should only do pointchanges
ifd_request: RTM_ID <34> should only do pointchanges
ifd_request: RTM_ID <34> should only do pointchanges
ifd_request: RTM_ID <34> should only do pointchanges
ifd_request: RTM_ID <34> should only do pointchanges
rts_ifstate_chk_multi_registration: daemon chassisd(6214) has previously registered 2 time(s)
ifstate client : snmpd closing down  Total dead ifstate clients : 1
rts_ifstate_client_close_job_handler: PHASE 1 entered, client:0xfffff800b418b200, cl num:123, cl name:snmpd, next_state:0xfffff800039bb1a0 ticks 2147023965 start_ticks 2147023965
rts_ifstate_client_close_job_handler: PHASE 2 entered, client:0xfffff800b418b200, cl num:123,  cl name:snmpd, next_state:0xfffff800055fdb00, ifs_head:0xfffff800055fdb00 ticks 2147023965 start_ticks 2147023965
rts_ifstate_client_close_job_handler: client:0xfffff800b418b200 client close job done, cl name:snmpd, cl num:123
rts_ifstate_client_close_job_handler: Client-closing completed!  snmpd(123):0xfffff800b418b200  num:0ticks 2147023965 start_ticks 2147023965
Cleanup of dead ifstate client: snmpd done  Total dead ifstate client : 0
ifd_request: RTM_ID <34> should only do pointchanges
if_rtb_default_ifl_bitmap_set() rtb ifl bitmap itable op 1 done. rtb id 0 ifl idx 69 iff 0xfffff8013e736000.
if_rtb_default_ifl_bitmap_set() rtb ifl bitmap itable op 1 done. rtb id 0 ifl idx 70 iff 0xfffff8013e735c30.
ifd_request: RTM_ID <34> should only do pointchanges
ifd_request: RTM_ID <34> should only do pointchanges
ifstate client : pfed closing down  Total dead ifstate clients : 1
rts_ifstate_client_close_job_handler: PHASE 1 entered, client:0xfffff80133d90200, cl num:120, cl name:pfed, next_state:0xfffff8012ec52280 ticks 2147024121 start_ticks 2147024121
rts_ifstate_client_close_job_handler: PHASE 2 entered, client:0xfffff80133d90200, cl num:120,  cl name:pfed, next_state:0xfffff800055fdb00, ifs_head:0xfffff800055fdb00 ticks 2147024121 start_ticks 2147024121
rts_ifstate_client_close_job_handler: client:0xfffff80133d90200 client close job done, cl name:pfed, cl num:120
rts_ifstate_client_close_job_handler: Client-closing completed!  pfed(120):0xfffff80133d90200  num:0ticks 2147024121 start_ticks 2147024121
Cleanup of dead ifstate client: pfed done  Total dead ifstate client : 0
if_rtb_default_ifl_bitmap_set() rtb ifl bitmap itable op 1 done. rtb id 0 ifl idx 72 iff 0xfffff8013e735a50.
if_rtb_default_ifl_bitmap_set() rtb ifl bitmap itable op 1 done. rtb id 0 ifl idx 73 iff 0xfffff8013e735870.
ifstate client : irsd closing down  Total dead ifstate clients : 1
rts_ifstate_client_close_job_handler: PHASE 1 entered, client:0xfffff800b4138200, cl num:62, cl name:irsd, next_state:0 ticks 2147024227 start_ticks 2147024227
rts_ifstate_client_close_job_handler: PHASE 2 entered, client:0xfffff800b4138200, cl num:62,  cl name:irsd, next_state:0xfffff800055fdb00, ifs_head:0xfffff800055fdb00 ticks 2147024227 start_ticks 2147024227
rts_ifstate_client_close_job_handler: client:0xfffff800b4138200 client close job done, cl name:irsd, cl num:62
rts_ifstate_client_close_job_handler: Client-closing completed!  irsd(62):0xfffff800b4138200  num:0ticks 2147024227 start_ticks 2147024227
Cleanup of dead ifstate client: irsd done  Total dead ifstate client : 0
if_rtb_default_ifl_bitmap_set() rtb ifl bitmap itable op 1 done. rtb id 0 ifl idx 74 iff 0xfffff8013e735690.
ifstate client : dcd closing down  Total dead ifstate clients : 1
rts_ifstate_client_close_job_handler: PHASE 1 entered, client:0xfffff800b0fe8000, cl num:126, cl name:dcd, next_state:0 ticks 2147024233 start_ticks 2147024233
rts_ifstate_client_close_job_handler: PHASE 2 entered, client:0xfffff800b0fe8000, cl num:126,  cl name:dcd, next_state:0xfffff800055fdb00, ifs_head:0xfffff800055fdb00 ticks 2147024233 start_ticks 2147024233
rts_ifstate_client_close_job_handler: client:0xfffff800b0fe8000 client close job done, cl name:dcd, cl num:126
rts_ifstate_client_close_job_handler: Client-closing completed!  dcd(126):0xfffff800b0fe8000  num:0ticks 2147024233 start_ticks 2147024233
Cleanup of dead ifstate client: dcd done  Total dead ifstate client : 0
ifstate client : dfwd closing down  Total dead ifstate clients : 1
rts_ifstate_client_close_job_handler: PHASE 1 entered, client:0xfffff800b418a200, cl num:122, cl name:dfwd, next_state:0xfffff8013e6eeb00 ticks 2147024263 start_ticks 2147024263
rts_ifstate_client_close_job_handler: PHASE 2 entered, client:0xfffff800b418a200, cl num:122,  cl name:dfwd, next_state:0xfffff800055fdb00, ifs_head:0xfffff800055fdb00 ticks 2147024263 start_ticks 2147024263
rts_ifstate_client_close_job_handler: client:0xfffff800b418a200 client close job done, cl name:dfwd, cl num:122
rts_ifstate_client_close_job_handler: Client-closing completed!  dfwd(122):0xfffff800b418a200  num:0ticks 2147024263 start_ticks 2147024263
Cleanup of dead ifstate client: dfwd done  Total dead ifstate client : 0
setsockopt(RTS_ASYNC_NEED_RESYNC) ignored (mib2d): client already active
setsockopt(RTS_ASYNC_NEED_RESYNC) ignored (pppd): client already active
setsockopt(RTS_ASYNC_NEED_RESYNC) ignored (l2ald): client already active
setsockopt(RTS_ASYNC_NEED_RESYNC) ignored (jflowd): client already active
setsockopt(RTS_ASYNC_NEED_RESYNC) ignored (ppmd): client already active
ifd_request: RTM_ID <34> should only do pointchanges
rts_ifstate_chk_multi_registration: daemon utmd(6251) has previously registered 1 time(s)
setsockopt(RTS_ASYNC_NEED_RESYNC) ignored (utmd): client already active
rts_ifstate_chk_multi_registration: daemon kmd(6425) has previously registered 1 time(s)
setsockopt(RTS_ASYNC_NEED_RESYNC) ignored (kmd): client already active
rts_ifstate_chk_multi_registration: daemon kmd(6425) has previously registered 2 time(s)
setsockopt(RTS_ASYNC_NEED_RESYNC) ignored (nsd): client already active
setsockopt(RTS_ASYNC_NEED_RESYNC) ignored (cosd): client already active
rts_ifstate_chk_multi_registration: daemon nsd(6429) has previously registered 1 time(s)
rts_ifstate_chk_multi_registration: daemon nsd(6429) has previously registered 2 time(s)
rts_ifstate_client_open: Process nsd(6429) has exceeded the maximum permissible limit as ifstate client. Hence this registration is being denied
ifstate client : snmpd closing down  Total dead ifstate clients : 1
rts_ifstate_client_close_job_handler: PHASE 1 entered, client:0xfffff80137113c00, cl num:102, cl name:snmpd, next_state:0 ticks 2147029457 start_ticks 2147029457
rts_ifstate_client_close_job_handler: PHASE 2 entered, client:0xfffff80137113c00, cl num:102,  cl name:snmpd, next_state:0xfffff800055fdb00, ifs_head:0xfffff800055fdb00 ticks 2147029457 start_ticks 2147029457
rts_ifstate_client_close_job_handler: client:0xfffff80137113c00 client close job done, cl name:snmpd, cl num:102
rts_ifstate_client_close_job_handler: Client-closing completed!  snmpd(102):0xfffff80137113c00  num:0ticks 2147029457 start_ticks 2147029457
Cleanup of dead ifstate client: snmpd done  Total dead ifstate client : 0
setsockopt(RTS_ASYNC_NEED_RESYNC) ignored (pfed): client already active
protocol ka format for 179 registered
ip_rttable_op() rtb id 4 ifl map table max size 16382.
ip6_rttable_op() rtb id 4 ifl map table max size 16382.
rts_ifstate_chk_multi_registration: daemon httpd-gk(6380) has previously registered 1 time(s)
setsockopt(RTS_ASYNC_NEED_RESYNC) ignored (httpd-gk): client already active
pic_listener_connect: 261: Accepted TCP connection for mgmt addr 0x82a00001, so: 0xfffff80128f09000, so_type: 1, so_state: 2, so_proto: 0xffffffff81574630, remote_addr: 0xfffff80008d062c0 iproto: 6, type: 1, domain: 0xffffffff81574500
pfe_listener_common_task: 1633: Enabling the tcp keep alives with default values
if_pfe_peek_peer_info: 1369: class: 0, type: 10, index: 1, vksid: 0
pfe_peer_alloc: addr = 0x82a00001
pfe_listener_alloc: max_idx_peer_listener:   1 peer_type:  10 peer_index:   1 pfe_listener_index:   0
pfe_peer_alloc: 2483: Initializing timers, mtx_lock,flusher and handler for peer class: 0, type: 0, index: 0, vksid: 0, state: 0
pfe_peer_update_mgmt_state: 274: class: 0, type: 0, index: 0, vksid: 0, old state Init new state Opening mastership 1
pfe_peer_alloc: 2689: pfe_peer_alloc: done for the peer class: 0, type: 0, index: 0, vksid: 0, state: 0, addr = 0x82a00001
pfe_tcp_listener_expand: 363: class: 0, type: 10, index: 1, vksid: 0state: 0
pfe_msg_peer_info_post_decode: idx = 0
pfe_msg_peer_info_post_decode: 3480: peer (class: 0, type: 10, index: 1, vksid: 0 state: 0 , mgmt_state Opening): ifstate registration: [0, 1]
if_pfe_pic_check_msg_types: Unexpected message received when peer is in OPENING state: msg_type=10 msg_subtype=29 pfe_index=1 pfe_type=10 pfe_mgmt_addr=0x82a00001
peer_inputs: 6193: Failed to call the appropriate handler for the peer class: 0, type: 10, index: 1, vksid: 0, state: 0, if_pfe_msg_handler failed with error: 89
if_pfe_pic_check_msg_types: Unexpected message received when peer is in OPENING state: msg_type=3 msg_subtype=39 pfe_index=1 pfe_type=10 pfe_mgmt_addr=0x82a00001
peer_inputs: 6193: Failed to call the appropriate handler for the peer class: 0, type: 10, index: 1, vksid: 0, state: 0, if_pfe_msg_handler failed with error: 89
pfe_peer_attach: attaching peer=0xfffffe0003399000, type=10, index=1
peertype 10 initialized
pfe_peer_attach: attached peer=0xfffffe0003399000, type=10, index=1
pfe_resync_msg_handler: 179: peer (class: 0, type: 10, index: 1, vksid: 0, state: 1) registered with ifstate
pfe_peer_update_mgmt_state: 274: class: 0, type: 10, index: 1, vksid: 0, old state Opening new state Resync mastership 1
GENCFG: op for 2 (USP Blob) failed; err 5 (Invalid) minor type: 0x1f. Error originated from pfe type: 10, pfe index: 1, mgmt addr: 0x82a00001
pfe_peer_update_mgmt_state: 274: class: 0, type: 10, index: 1, vksid: 0, old state Resync new state Online mastership 1
rts_ifstate_chk_multi_registration: daemon mib2d(6220) has previously registered 1 time(s)
arp_nhrequest(6230), IS_MASTER_RE: 1, Process: irsd, RTM_ID: 20, error: 45, errmsg: invalid arguments[s] rtb/nhsa
ge-7/0/0:tag-protocol-id not configurable on this interface
lag_add_cifl_to_pifl: added a new ifl ge-7/0/0.0 to bundle fab1
cifd ge-7/0/0 marked for weight resend
lag_add_cifl_to_pifl: link ge-7/0/0.0 (lidx=0) attached to bundle fab1.0
ge-7/0/1:tag-protocol-id not configurable on this interface
kernel overwrite reth1 link-speed with child speed 1000000000
lag_add_cifl_to_pifl: added a new ifl ge-7/0/1.0 to bundle reth1
cifd ge-7/0/1 marked for weight resend
lag_add_cifl_to_pifl: link ge-7/0/1.0 (lidx=0) attached to bundle reth1.0
ge-7/0/2:tag-protocol-id not configurable on this interface
kernel overwrite reth2 link-speed with child speed 1000000000
lag_add_cifl_to_pifl: added a new ifl ge-7/0/2.0 to bundle reth2
cifd ge-7/0/2 marked for weight resend
lag_add_cifl_to_pifl: link ge-7/0/2.0 (lidx=0) attached to bundle reth2.0
ge-7/0/3:tag-protocol-id not configurable on this interface
kernel overwrite reth3 link-speed with child speed 1000000000
lag_add_cifl_to_pifl: added a new ifl ge-7/0/3.32767 to bundle reth3
cifd ge-7/0/3 marked for weight resend
lag_add_cifl_to_pifl: link ge-7/0/3.32767 (lidx=0) attached to bundle reth3.32767
lag_add_cifl_to_pifl: added a new ifl ge-7/0/3.412 to bundle reth3
lag_add_cifl_to_pifl: link ge-7/0/3.412 (lidx=0) attached to bundle reth3.412
lag_add_cifl_to_pifl: added a new ifl ge-7/0/3.409 to bundle reth3
lag_add_cifl_to_pifl: link ge-7/0/3.409 (lidx=0) attached to bundle reth3.409
ge-7/0/4:tag-protocol-id not configurable on this interface
ge-7/0/5:tag-protocol-id not configurable on this interface
ge-7/0/6:tag-protocol-id not configurable on this interface
ge-7/0/7:tag-protocol-id not configurable on this interface
kernel overwrite reth7 link-speed with child speed 1000000000
lag_add_cifl_to_pifl: added a new ifl ge-7/0/7.0 to bundle reth7
cifd ge-7/0/7 marked for weight resend
lag_add_cifl_to_pifl: link ge-7/0/7.0 (lidx=0) attached to bundle reth7.0
if_pfe: Error 1 (Unknown) on IF command 57 (Unknown)
if_pfe: Error 1 (Unknown) on IF command 57 (Unknown)
if_pfe: Error 1 (Unknown) on IF command 57 (Unknown)
if_pfe: Error 1 (Unknown) on IF command 57 (Unknown)
if_pfe: Error 1 (Unknown) on IF command 57 (Unknown)
lag_cifd_resend_weights_done: weight send completed for ge-7/0/0 fab1
lag_cifd_resend_weights_done: weight send completed for ge-7/0/1 reth1
lag_cifd_resend_weights_done: weight send completed for ge-7/0/2 reth2
lag_cifd_resend_weights_done: weight send completed for ge-7/0/3 reth3
lag_cifd_resend_weights_done: weight send completed for ge-7/0/7 reth7
if_pfe_ge_ifdstat_ipc:handling ALARM ASSERT/CLEAR
if_pfe_ge_ifdstat_ipc:handling ALARM ASSERT/CLEAR
if_pfe_ge_ifdstat_ipc:handling ALARM ASSERT/CLEAR
if_pfe_ge_ifdstat_ipc:handling ALARM ASSERT/CLEAR
if_pfe_ge_ifdstat_ipc:handling ALARM ASSERT/CLEAR
if_pfe_ge_ifdstat_ipc:handling ALARM ASSERT/CLEAR
if_pfe_ge_ifdstat_ipc:handling ALARM ASSERT/CLEAR
if_pfe_ge_ifdstat_ipc:handling ALARM ASSERT/CLEAR
ifstate client : nsd closing down  Total dead ifstate clients : 1
ifstate client : nsd closing down  Total dead ifstate clients : 2
rts_ifstate_client_close_job_handler: PHASE 1 entered, client:0xfffff80137113400, cl num:101, cl name:nsd, next_state:0 ticks 2147332581 start_ticks 2147332581
rts_ifstate_client_close_job_handler: PHASE 2 entered, client:0xfffff80137113400, cl num:101,  cl name:nsd, next_state:0xfffff800055fdb00, ifs_head:0xfffff800055fdb00 ticks 2147332581 start_ticks 2147332581
rts_ifstate_client_close_job_handler: client:0xfffff80137113400 client close job done, cl name:nsd, cl num:101
rts_ifstate_client_close_job_handler: client close tail after:cl nsd(104):0xfffff8000a506000 tail next:0xffffffff81774bd8
rts_ifstate_client_close_job_handler: Client-closing completed!  nsd(101):0xfffff80137113400  num:1ticks 2147332582 start_ticks 2147332581
Cleanup of dead ifstate client: nsd done  Total dead ifstate client : 1
rts_ifstate_client_close_job_handler: PHASE 1 entered, client:0xfffff8000a506000, cl num:104, cl name:nsd, next_state:0 ticks 2147332582 start_ticks 2147332581
rts_ifstate_client_close_job_handler: PHASE 2 entered, client:0xfffff8000a506000, cl num:104,  cl name:nsd, next_state:0xfffff800055fdb00, ifs_head:0xfffff800055fdb00 ticks 2147332582 start_ticks 2147332581
rts_ifstate_client_close_job_handler: client:0xfffff8000a506000 client close job done, cl name:nsd, cl num:104
rts_ifstate_client_close_job_handler: Client-closing completed!  nsd(104):0xfffff8000a506000  num:0ticks 2147332582 start_ticks 2147332581
Cleanup of dead ifstate client: nsd done  Total dead ifstate client : 0
ifstate client : dfwd closing down  Total dead ifstate clients : 1
rts_ifstate_client_close_job_handler: PHASE 1 entered, client:0xfffff800afd03800, cl num:99, cl name:dfwd, next_state:0 ticks 2147332583 start_ticks 2147332583
rts_ifstate_client_close_job_handler: PHASE 2 entered, client:0xfffff800afd03800, cl num:99,  cl name:dfwd, next_state:0xfffff800055fdb00, ifs_head:0xfffff800055fdb00 ticks 2147332583 start_ticks 2147332583
rts_ifstate_client_close_job_handler: client:0xfffff800afd03800 client close job done, cl name:dfwd, cl num:99
rts_ifstate_client_close_job_handler: Client-closing completed!  dfwd(99):0xfffff800afd03800  num:0ticks 2147332583 start_ticks 2147332583
Cleanup of dead ifstate client: dfwd done  Total dead ifstate client : 0
ifstate client : irsd closing down  Total dead ifstate clients : 1
rts_ifstate_client_close_job_handler: PHASE 1 entered, client:0xfffff8013d3da200, cl num:55, cl name:irsd, next_state:0 ticks 2147332584 start_ticks 2147332584
rts_ifstate_client_close_job_handler: PHASE 2 entered, client:0xfffff8013d3da200, cl num:55,  cl name:irsd, next_state:0xfffff800055fdb00, ifs_head:0xfffff800055fdb00 ticks 2147332584 start_ticks 2147332584
rts_ifstate_client_close_job_handler: client:0xfffff8013d3da200 client close job done, cl name:irsd, cl num:55
rts_ifstate_client_close_job_handler: Client-closing completed!  irsd(55):0xfffff8013d3da200  num:0ticks 2147332584 start_ticks 2147332584
Cleanup of dead ifstate client: irsd done  Total dead ifstate client : 0
ifstate client : kmd closing down  Total dead ifstate clients : 1
rts_ifstate_client_close_job_handler: PHASE 1 entered, client:0xfffff80131f3e400, cl num:107, cl name:kmd, next_state:0 ticks 2147332584 start_ticks 2147332584
rts_ifstate_client_close_job_handler: PHASE 2 entered, client:0xfffff80131f3e400, cl num:107,  cl name:kmd, next_state:0xfffff800055fdb00, ifs_head:0xfffff800055fdb00 ticks 2147332584 start_ticks 2147332584
rts_ifstate_client_close_job_handler: client:0xfffff80131f3e400 client close job done, cl name:kmd, cl num:107
rts_ifstate_client_close_job_handler: Client-closing completed!  kmd(107):0xfffff80131f3e400  num:0ticks 2147332584 start_ticks 2147332584
Cleanup of dead ifstate client: kmd done  Total dead ifstate client : 0
ifstate client : kmd closing down  Total dead ifstate clients : 1
ifstate client : kmd closing down  Total dead ifstate clients : 2
rts_ifstate_client_close_job_handler: PHASE 1 entered, client:0xfffff80011081600, cl num:106, cl name:kmd, next_state:0 ticks 2147332584 start_ticks 2147332584
rts_ifstate_client_close_job_handler: PHASE 2 entered, client:0xfffff80011081600, cl num:106,  cl name:kmd, next_state:0xfffff800055fdb00, ifs_head:0xfffff800055fdb00 ticks 2147332584 start_ticks 2147332584
rts_ifstate_client_close_job_handler: client:0xfffff80011081600 client close job done, cl name:kmd, cl num:106
rts_ifstate_client_close_job_handler: client close tail after:cl kmd(105):0xfffff80011000e00 tail next:0xffffffff81774bd8
rts_ifstate_client_close_job_handler: Client-closing completed!  kmd(106):0xfffff80011081600  num:1ticks 2147332584 start_ticks 2147332584
Cleanup of dead ifstate client: kmd done  Total dead ifstate client : 1
rts_ifstate_client_close_job_handler: PHASE 1 entered, client:0xfffff80011000e00, cl num:105, cl name:kmd, next_state:0 ticks 2147332584 start_ticks 2147332584
rts_ifstate_client_close_job_handler: PHASE 2 entered, client:0xfffff80011000e00, cl num:105,  cl name:kmd, next_state:0xfffff800055fdb00, ifs_head:0xfffff800055fdb00 ticks 2147332584 start_ticks 2147332584
rts_ifstate_client_close_job_handler: client:0xfffff80011000e00 client close job done, cl name:kmd, cl num:105
rts_ifstate_client_close_job_handler: Client-closing completed!  kmd(105):0xfffff80011000e00  num:0ticks 2147332585 start_ticks 2147332584
Cleanup of dead ifstate client: kmd done  Total dead ifstate client : 0
ifstate client : snmpd closing down  Total dead ifstate clients : 1
rts_ifstate_client_close_job_handler: PHASE 1 entered, client:0xfffff80137113e00, cl num:102, cl name:snmpd, next_state:0 ticks 2147332586 start_ticks 2147332586
rts_ifstate_client_close_job_handler: PHASE 2 entered, client:0xfffff80137113e00, cl num:102,  cl name:snmpd, next_state:0xfffff800055fdb00, ifs_head:0xfffff800055fdb00 ticks 2147332586 start_ticks 2147332586
rts_ifstate_client_close_job_handler: client:0xfffff80137113e00 client close job done, cl name:snmpd, cl num:102
rts_ifstate_client_close_job_handler: Client-closing completed!  snmpd(102):0xfffff80137113e00  num:0ticks 2147332586 start_ticks 2147332586
Cleanup of dead ifstate client: snmpd done  Total dead ifstate client : 0
ifstate client : httpd-gk closing down  Total dead ifstate clients : 1
ifstate client : httpd-gk closing down  Total dead ifstate clients : 2
rts_ifstate_client_close_job_handler: PHASE 1 entered, client:0xfffff80008d04800, cl num:98, cl name:httpd-gk, next_state:0 ticks 2147332593 start_ticks 2147332593
rts_ifstate_client_close_job_handler: PHASE 2 entered, client:0xfffff80008d04800, cl num:98,  cl name:httpd-gk, next_state:0xfffff800055fdb00, ifs_head:0xfffff800055fdb00 ticks 2147332593 start_ticks 2147332593
rts_ifstate_client_close_job_handler: client:0xfffff80008d04800 client close job done, cl name:httpd-gk, cl num:98
rts_ifstate_client_close_job_handler: client close tail after:cl httpd-gk(97):0xfffff80008d04200 tail next:0xffffffff81774bd8
rts_ifstate_client_close_job_handler: Client-closing completed!  httpd-gk(98):0xfffff80008d04800  num:1ticks 2147332593 start_ticks 2147332593
Cleanup of dead ifstate client: httpd-gk done  Total dead ifstate client : 1
rts_ifstate_client_close_job_handler: PHASE 1 entered, client:0xfffff80008d04200, cl num:97, cl name:httpd-gk, next_state:0 ticks 2147332593 start_ticks 2147332593
rts_ifstate_client_close_job_handler: PHASE 2 entered, client:0xfffff80008d04200, cl num:97,  cl name:httpd-gk, next_state:0xfffff800055fdb00, ifs_head:0xfffff800055fdb00 ticks 2147332593 start_ticks 2147332593
rts_ifstate_client_close_job_handler: client:0xfffff80008d04200 client close job done, cl name:httpd-gk, cl num:97
rts_ifstate_client_close_job_handler: Client-closing completed!  httpd-gk(97):0xfffff80008d04200  num:0ticks 2147332593 start_ticks 2147332593
Cleanup of dead ifstate client: httpd-gk done  Total dead ifstate client : 0
ifstate client : pppd closing down  Total dead ifstate clients : 1
rts_ifstate_client_close_job_handler: PHASE 1 entered, client:0xfffff800b418b200, cl num:126, cl name:pppd, next_state:0 ticks 2147332597 start_ticks 2147332597
rts_ifstate_client_close_job_handler: PHASE 2 entered, client:0xfffff800b418b200, cl num:126,  cl name:pppd, next_state:0xfffff800055fdb00, ifs_head:0xfffff800055fdb00 ticks 2147332597 start_ticks 2147332597
rts_ifstate_client_close_job_handler: client:0xfffff800b418b200 client close job done, cl name:pppd, cl num:126
rts_ifstate_client_close_job_handler: Client-closing completed!  pppd(126):0xfffff800b418b200  num:0ticks 2147332597 start_ticks 2147332597
Cleanup of dead ifstate client: pppd done  Total dead ifstate client : 0
ifstate client : bfdd closing down  Total dead ifstate clients : 1
rts_ifstate_client_close_job_handler: PHASE 1 entered, client:0xfffff8001cd6f800, cl num:112, cl name:bfdd, next_state:0 ticks 2147332598 start_ticks 2147332598
rts_ifstate_client_close_job_handler: PHASE 2 entered, client:0xfffff8001cd6f800, cl num:112,  cl name:bfdd, next_state:0xfffff800055fdb00, ifs_head:0xfffff800055fdb00 ticks 2147332598 start_ticks 2147332598
rts_ifstate_client_close_job_handler: client:0xfffff8001cd6f800 client close job done, cl name:bfdd, cl num:112
rts_ifstate_client_close_job_handler: Client-closing completed!  bfdd(112):0xfffff8001cd6f800  num:0ticks 2147332598 start_ticks 2147332598
Cleanup of dead ifstate client: bfdd done  Total dead ifstate client : 0
ifstate client : ppmd closing down  Total dead ifstate clients : 1
rts_ifstate_client_close_job_handler: PHASE 1 entered, client:0xfffff800b26fae00, cl num:113, cl name:ppmd, next_state:0 ticks 2147332598 start_ticks 2147332598
rts_ifstate_client_close_job_handler: PHASE 2 entered, client:0xfffff800b26fae00, cl num:113,  cl name:ppmd, next_state:0xfffff800055fdb00, ifs_head:0xfffff800055fdb00 ticks 2147332598 start_ticks 2147332598
rts_ifstate_client_close_job_handler: client:0xfffff800b26fae00 client close job done, cl name:ppmd, cl num:113
rts_ifstate_client_close_job_handler: Client-closing completed!  ppmd(113):0xfffff800b26fae00  num:0ticks 2147332599 start_ticks 2147332598
Cleanup of dead ifstate client: ppmd done  Total dead ifstate client : 0
ifstate client : l2ald closing down  Total dead ifstate clients : 1
rts_ifstate_client_close_job_handler: PHASE 1 entered, client:0xfffff80133f03c00, cl num:57, cl name:l2ald, next_state:0 ticks 2147332601 start_ticks 2147332601
rts_ifstate_client_close_job_handler: PHASE 2 entered, client:0xfffff80133f03c00, cl num:57,  cl name:l2ald, next_state:0xfffff800055fdb00, ifs_head:0xfffff800055fdb00 ticks 2147332601 start_ticks 2147332601
rts_ifstate_client_close_job_handler: client:0xfffff80133f03c00 client close job done, cl name:l2ald, cl num:57
rts_ifstate_client_close_job_handler: Client-closing completed!  l2ald(57):0xfffff80133f03c00  num:0ticks 2147332601 start_ticks 2147332601
Cleanup of dead ifstate client: l2ald done  Total dead ifstate client : 0
ifstate client : utmd closing down  Total dead ifstate clients : 1
ifstate client : utmd closing down  Total dead ifstate clients : 2
rts_ifstate_client_close_job_handler: PHASE 1 entered, client:0xfffff8013137f400, cl num:110, cl name:utmd, next_state:0 ticks 2147332603 start_ticks 2147332603
rts_ifstate_client_close_job_handler: PHASE 2 entered, client:0xfffff8013137f400, cl num:110,  cl name:utmd, next_state:0xfffff800055fdb00, ifs_head:0xfffff800055fdb00 ticks 2147332603 start_ticks 2147332603
rts_ifstate_client_close_job_handler: client:0xfffff8013137f400 client close job done, cl name:utmd, cl num:110
rts_ifstate_client_close_job_handler: client close tail after:cl utmd(109):0xfffff8013137de00 tail next:0xffffffff81774bd8
rts_ifstate_client_close_job_handler: Client-closing completed!  utmd(110):0xfffff8013137f400  num:1ticks 2147332603 start_ticks 2147332603
Cleanup of dead ifstate client: utmd done  Total dead ifstate client : 1
rts_ifstate_client_close_job_handler: PHASE 1 entered, client:0xfffff8013137de00, cl num:109, cl name:utmd, next_state:0 ticks 2147332603 start_ticks 2147332603
rts_ifstate_client_close_job_handler: PHASE 2 entered, client:0xfffff8013137de00, cl num:109,  cl name:utmd, next_state:0xfffff800055fdb00, ifs_head:0xfffff800055fdb00 ticks 2147332603 start_ticks 2147332603
rts_ifstate_client_close_job_handler: client:0xfffff8013137de00 client close job done, cl name:utmd, cl num:109
rts_ifstate_client_close_job_handler: Client-closing completed!  utmd(109):0xfffff8013137de00  num:0ticks 2147332603 start_ticks 2147332603
Cleanup of dead ifstate client: utmd done  Total dead ifstate client : 0
ifstate client : license-check closing down  Total dead ifstate clients : 1
rts_ifstate_client_close_job_handler: PHASE 1 entered, client:0xfffff80133d90600, cl num:115, cl name:license-check, next_state:0 ticks 2147332605 start_ticks 2147332605
rts_ifstate_client_close_job_handler: PHASE 2 entered, client:0xfffff80133d90600, cl num:115,  cl name:license-check, next_state:0xfffff800055fdb00, ifs_head:0xfffff800055fdb00 ticks 2147332605 start_ticks 2147332605
rts_ifstate_client_close_job_handler: client:0xfffff80133d90600 client close job done, cl name:license-check, cl num:115
rts_ifstate_client_close_job_handler: Client-closing completed!  license-check(115):0xfffff80133d90600  num:0ticks 2147332605 start_ticks 2147332605
Cleanup of dead ifstate client: license-check done  Total dead ifstate client : 0
ifstate client : shm-rtsdbd closing down  Total dead ifstate clients : 1
rts_ifstate_client_close_job_handler: PHASE 1 entered, client:0xfffff800b418ae00, cl num:124, cl name:shm-rtsdbd, next_state:0 ticks 2147332607 start_ticks 2147332607
rts_ifstate_client_close_job_handler: PHASE 2 entered, client:0xfffff800b418ae00, cl num:124,  cl name:shm-rtsdbd, next_state:0xfffff800055fdb00, ifs_head:0xfffff800055fdb00 ticks 2147332607 start_ticks 2147332607
rts_ifstate_client_close_job_handler: client:0xfffff800b418ae00 client close job done, cl name:shm-rtsdbd, cl num:124
rts_ifstate_client_close_job_handler: Client-closing completed!  shm-rtsdbd(124):0xfffff800b418ae00  num:0ticks 2147332607 start_ticks 2147332607
Cleanup of dead ifstate client: shm-rtsdbd done  Total dead ifstate client : 0
ifstate client : mib2d closing down  Total dead ifstate clients : 1
ifstate client : mib2d closing down  Total dead ifstate clients : 2
rts_ifstate_client_close_job_handler: PHASE 1 entered, client:0xfffff80133d90200, cl num:58, cl name:mib2d, next_state:0 ticks 2147332608 start_ticks 2147332608
rts_ifstate_client_close_job_handler: PHASE 2 entered, client:0xfffff80133d90200, cl num:58,  cl name:mib2d, next_state:0xfffff800055fdb00, ifs_head:0xfffff800055fdb00 ticks 2147332608 start_ticks 2147332608
rts_ifstate_client_close_job_handler: client:0xfffff80133d90200 client close job done, cl name:mib2d, cl num:58
rts_ifstate_client_close_job_handler: client close tail after:cl mib2d(96):0xfffff800a70d2000 tail next:0xffffffff81774bd8
rts_ifstate_client_close_job_handler: Client-closing completed!  mib2d(58):0xfffff80133d90200  num:1ticks 2147332609 start_ticks 2147332608
Cleanup of dead ifstate client: mib2d done  Total dead ifstate client : 1
rts_ifstate_client_close_job_handler: PHASE 1 entered, client:0xfffff800a70d2000, cl num:96, cl name:mib2d, next_state:0 ticks 2147332609 start_ticks 2147332608
rts_ifstate_client_close_job_handler: PHASE 2 entered, client:0xfffff800a70d2000, cl num:96,  cl name:mib2d, next_state:0xfffff800055fdb00, ifs_head:0xfffff800055fdb00 ticks 2147332609 start_ticks 2147332608
rts_ifstate_client_close_job_handler: client:0xfffff800a70d2000 client close job done, cl name:mib2d, cl num:96
rts_ifstate_client_close_job_handler: Client-closing completed!  mib2d(96):0xfffff800a70d2000  num:0ticks 2147332609 start_ticks 2147332608
Cleanup of dead ifstate client: mib2d done  Total dead ifstate client : 0
ifstate client : sdk-vmmd closing down  Total dead ifstate clients : 1
rts_ifstate_client_close_job_handler: PHASE 1 entered, client:0xfffff8013e7ace00, cl num:125, cl name:sdk-vmmd, next_state:0 ticks 2147332609 start_ticks 2147332609
rts_ifstate_client_close_job_handler: PHASE 2 entered, client:0xfffff8013e7ace00, cl num:125,  cl name:sdk-vmmd, next_state:0xfffff800055fdb00, ifs_head:0xfffff800055fdb00 ticks 2147332609 start_ticks 2147332609
rts_ifstate_client_close_job_handler: client:0xfffff8013e7ace00 client close job done, cl name:sdk-vmmd, cl num:125
rts_ifstate_client_close_job_handler: Client-closing completed!  sdk-vmmd(125):0xfffff8013e7ace00  num:0ticks 2147332610 start_ticks 2147332609
Cleanup of dead ifstate client: sdk-vmmd done  Total dead ifstate client : 0
ifstate client : dood closing down  Total dead ifstate clients : 1
rts_ifstate_client_close_job_handler: PHASE 1 entered, client:0xfffff800b5bc0800, cl num:62, cl name:dood, next_state:0xfffff8013e6eec00 ticks 2147332624 start_ticks 2147332624
rts_ifstate_client_close_job_handler: PHASE 2 entered, client:0xfffff800b5bc0800, cl num:62,  cl name:dood, next_state:0xfffff800055fdb00, ifs_head:0xfffff800055fdb00 ticks 2147332624 start_ticks 2147332624
rts_ifstate_client_close_job_handler: client:0xfffff800b5bc0800 client close job done, cl name:dood, cl num:62
rts_ifstate_client_close_job_handler: Client-closing completed!  dood(62):0xfffff800b5bc0800  num:0ticks 2147332624 start_ticks 2147332624
Cleanup of dead ifstate client: dood done  Total dead ifstate client : 0
ifstate client : dcd closing down  Total dead ifstate clients : 1
rts_ifstate_client_close_job_handler: PHASE 1 entered, client:0xfffff800b4138000, cl num:123, cl name:dcd, next_state:0 ticks 2147332627 start_ticks 2147332627
rts_ifstate_client_close_job_handler: PHASE 2 entered, client:0xfffff800b4138000, cl num:123,  cl name:dcd, next_state:0xfffff800055fdb00, ifs_head:0xfffff800055fdb00 ticks 2147332627 start_ticks 2147332627
rts_ifstate_client_close_job_handler: client:0xfffff800b4138000 client close job done, cl name:dcd, cl num:123
rts_ifstate_client_close_job_handler: Client-closing completed!  dcd(123):0xfffff800b4138000  num:0ticks 2147332627 start_ticks 2147332627
Cleanup of dead ifstate client: dcd done  Total dead ifstate client : 0
ifstate client : oamd closing down  Total dead ifstate clients : 1
rts_ifstate_client_close_job_handler: PHASE 1 entered, client:0xfffff80133f03000, cl num:120, cl name:oamd, next_state:0 ticks 2147332632 start_ticks 2147332632
rts_ifstate_client_close_job_handler: PHASE 2 entered, client:0xfffff80133f03000, cl num:120,  cl name:oamd, next_state:0xfffff800055fdb00, ifs_head:0xfffff800055fdb00 ticks 2147332632 start_ticks 2147332632
rts_ifstate_client_close_job_handler: client:0xfffff80133f03000 client close job done, cl name:oamd, cl num:120
rts_ifstate_client_close_job_handler: Client-closing completed!  oamd(120):0xfffff80133f03000  num:0ticks 2147332632 start_ticks 2147332632
Cleanup of dead ifstate client: oamd done  Total dead ifstate client : 0
ifstate client : jflowd closing down  Total dead ifstate clients : 1
rts_ifstate_client_close_job_handler: PHASE 1 entered, client:0xfffff80133f03200, cl num:122, cl name:jflowd, next_state:0 ticks 2147332633 start_ticks 2147332633
rts_ifstate_client_close_job_handler: PHASE 2 entered, client:0xfffff80133f03200, cl num:122,  cl name:jflowd, next_state:0xfffff800055fdb00, ifs_head:0xfffff800055fdb00 ticks 2147332633 start_ticks 2147332633
rts_ifstate_client_close_job_handler: client:0xfffff80133f03200 client close job done, cl name:jflowd, cl num:122
rts_ifstate_client_close_job_handler: Client-closing completed!  jflowd(122):0xfffff80133f03200  num:0ticks 2147332633 start_ticks 2147332633
Cleanup of dead ifstate client: jflowd done  Total dead ifstate client : 0
ifstate client : syshmd closing down  Total dead ifstate clients : 1
rts_ifstate_client_close_job_handler: PHASE 1 entered, client:0xfffff8001cd6ea00, cl num:56, cl name:syshmd, next_state:0 ticks 2147332638 start_ticks 2147332638
rts_ifstate_client_close_job_handler: PHASE 2 entered, client:0xfffff8001cd6ea00, cl num:56,  cl name:syshmd, next_state:0xfffff800055fdb00, ifs_head:0xfffff800055fdb00 ticks 2147332638 start_ticks 2147332638
rts_ifstate_client_close_job_handler: client:0xfffff8001cd6ea00 client close job done, cl name:syshmd, cl num:56
rts_ifstate_client_close_job_handler: Client-closing completed!  syshmd(56):0xfffff8001cd6ea00  num:0ticks 2147332638 start_ticks 2147332638
Cleanup of dead ifstate client: syshmd done  Total dead ifstate client : 0
ifstate client : cosd closing down  Total dead ifstate clients : 1
rts_ifstate_client_close_job_handler: PHASE 1 entered, client:0xfffff80123921400, cl num:103, cl name:cosd, next_state:0 ticks 2147332644 start_ticks 2147332644
rts_ifstate_client_close_job_handler: PHASE 2 entered, client:0xfffff80123921400, cl num:103,  cl name:cosd, next_state:0xfffff800055fdb00, ifs_head:0xfffff800055fdb00 ticks 2147332644 start_ticks 2147332644
rts_ifstate_client_close_job_handler: client:0xfffff80123921400 client close job done, cl name:cosd, cl num:103
rts_ifstate_client_close_job_handler: Client-closing completed!  cosd(103):0xfffff80123921400  num:0ticks 2147332645 start_ticks 2147332644
Cleanup of dead ifstate client: cosd done  Total dead ifstate client : 0
ifstate client : idpd closing down  Total dead ifstate clients : 1
rts_ifstate_client_close_job_handler: PHASE 1 entered, client:0xfffff80133d73200, cl num:118, cl name:idpd, next_state:0 ticks 2147332647 start_ticks 2147332647
rts_ifstate_client_close_job_handler: PHASE 2 entered, client:0xfffff80133d73200, cl num:118,  cl name:idpd, next_state:0xfffff800055fdb00, ifs_head:0xfffff800055fdb00 ticks 2147332647 start_ticks 2147332647
rts_ifstate_client_close_job_handler: client:0xfffff80133d73200 client close job done, cl name:idpd, cl num:118
rts_ifstate_client_close_job_handler: Client-closing completed!  idpd(118):0xfffff80133d73200  num:0ticks 2147332647 start_ticks 2147332647
Cleanup of dead ifstate client: idpd done  Total dead ifstate client : 0
ifstate client : agentd closing down  Total dead ifstate clients : 1
rts_ifstate_client_close_job_handler: PHASE 1 entered, client:0xfffff8000cfad400, cl num:116, cl name:agentd, next_state:0 ticks 2147332650 start_ticks 2147332650
rts_ifstate_client_close_job_handler: PHASE 2 entered, client:0xfffff8000cfad400, cl num:116,  cl name:agentd, next_state:0xfffff800055fdb00, ifs_head:0xfffff800055fdb00 ticks 2147332650 start_ticks 2147332650
rts_ifstate_client_close_job_handler: client:0xfffff8000cfad400 client close job done, cl name:agentd, cl num:116
rts_ifstate_client_close_job_handler: Client-closing completed!  agentd(116):0xfffff8000cfad400  num:0ticks 2147332650 start_ticks 2147332650
Cleanup of dead ifstate client: agentd done  Total dead ifstate client : 0
ifstate client : nstraced closing down  Total dead ifstate clients : 1
rts_ifstate_client_close_job_handler: PHASE 1 entered, client:0xfffff80133f02a00, cl num:114, cl name:nstraced, next_state:0 ticks 2147332652 start_ticks 2147332652
rts_ifstate_client_close_job_handler: PHASE 2 entered, client:0xfffff80133f02a00, cl num:114,  cl name:nstraced, next_state:0xfffff800055fdb00, ifs_head:0xfffff800055fdb00 ticks 2147332652 start_ticks 2147332652
rts_ifstate_client_close_job_handler: client:0xfffff80133f02a00 client close job done, cl name:nstraced, cl num:114
rts_ifstate_client_close_job_handler: Client-closing completed!  nstraced(114):0xfffff80133f02a00  num:0ticks 2147332652 start_ticks 2147332652
Cleanup of dead ifstate client: nstraced done  Total dead ifstate client : 0
ifstate client : pfed closing down  Total dead ifstate clients : 1
rts_ifstate_client_close_job_handler: PHASE 1 entered, client:0xfffff80137111e00, cl num:100, cl name:pfed, next_state:0 ticks 2147332657 start_ticks 2147332657
rts_ifstate_client_close_job_handler: PHASE 2 entered, client:0xfffff80137111e00, cl num:100,  cl name:pfed, next_state:0xfffff800055fdb00, ifs_head:0xfffff800055fdb00 ticks 2147332657 start_ticks 2147332657
rts_ifstate_client_close_job_handler: client:0xfffff80137111e00 client close job done, cl name:pfed, cl num:100
rts_ifstate_client_close_job_handler: Client-closing completed!  pfed(100):0xfffff80137111e00  num:0ticks 2147332657 start_ticks 2147332657
Cleanup of dead ifstate client: pfed done  Total dead ifstate client : 0
ifstate client : smid closing down  Total dead ifstate clients : 1
rts_ifstate_client_close_job_handler: PHASE 1 entered, client:0xfffff8013137d000, cl num:108, cl name:smid, next_state:0 ticks 2147332660 start_ticks 2147332660
rts_ifstate_client_close_job_handler: PHASE 2 entered, client:0xfffff8013137d000, cl num:108,  cl name:smid, next_state:0xfffff800055fdb00, ifs_head:0xfffff800055fdb00 ticks 2147332660 start_ticks 2147332660
rts_ifstate_client_close_job_handler: client:0xfffff8013137d000 client close job done, cl name:smid, cl num:108
rts_ifstate_client_close_job_handler: Client-closing completed!  smid(108):0xfffff8013137d000  num:0ticks 2147332660 start_ticks 2147332660
Cleanup of dead ifstate client: smid done  Total dead ifstate client : 0
ifstate client : jsqlsyncd closing down  Total dead ifstate clients : 1
rts_ifstate_client_close_job_handler: PHASE 1 entered, client:0xfffff800b418aa00, cl num:111, cl name:jsqlsyncd, next_state:0 ticks 2147332665 start_ticks 2147332665
rts_ifstate_client_close_job_handler: PHASE 2 entered, client:0xfffff800b418aa00, cl num:111,  cl name:jsqlsyncd, next_state:0xfffff800055fdb00, ifs_head:0xfffff800055fdb00 ticks 2147332665 start_ticks 2147332665
rts_ifstate_client_close_job_handler: client:0xfffff800b418aa00 client close job done, cl name:jsqlsyncd, cl num:111
rts_ifstate_client_close_job_handler: Client-closing completed!  jsqlsyncd(111):0xfffff800b418aa00  num:0ticks 2147332665 start_ticks 2147332665
Cleanup of dead ifstate client: jsqlsyncd done  Total dead ifstate client : 0
ifstate client : appidd closing down  Total dead ifstate clients : 1
rts_ifstate_client_close_job_handler: PHASE 1 entered, client:0xfffff80133d73e00, cl num:119, cl name:appidd, next_state:0 ticks 2147332666 start_ticks 2147332666
rts_ifstate_client_close_job_handler: PHASE 2 entered, client:0xfffff80133d73e00, cl num:119,  cl name:appidd, next_state:0xfffff800055fdb00, ifs_head:0xfffff800055fdb00 ticks 2147332666 start_ticks 2147332666
rts_ifstate_client_close_job_handler: client:0xfffff80133d73e00 client close job done, cl name:appidd, cl num:119
rts_ifstate_client_close_job_handler: Client-closing completed!  appidd(119):0xfffff80133d73e00  num:0ticks 2147332666 start_ticks 2147332666
Cleanup of dead ifstate client: appidd done  Total dead ifstate client : 0
rpd_exit_error_handler| RPD process exited. resetting rpd_rsync_fd to -1
ifstate client : rpd closing down  Total dead ifstate clients : 1
rts_ifstate_client_close_job_handler: PHASE 1 entered, client:0xfffff800b418b600, cl num:59, cl name:rpd, next_state:0 ticks 2147333120 start_ticks 2147333120
rts_ifstate_client_close_job_handler: PHASE 2 entered, client:0xfffff800b418b600, cl num:59,  cl name:rpd, next_state:0xfffff800055fdb00, ifs_head:0xfffff800055fdb00 ticks 2147333120 start_ticks 2147333120
rts_ifstate_client_close_job_handler: client:0xfffff800b418b600 client close job done, cl name:rpd, cl num:59
rts_ifstate_client_close_job_handler: Client-closing completed!  rpd(59):0xfffff800b418b600  num:0ticks 2147333120 start_ticks 2147333120
Cleanup of dead ifstate client: rpd done  Total dead ifstate client : 0
ifstate client : jsrpd closing down  Total dead ifstate clients : 1
rts_ifstate_client_close_job_handler: PHASE 1 entered, client:0xfffff800b0fe9c00, cl num:121, cl name:jsrpd, next_state:0 ticks 2147333610 start_ticks 2147333610
rts_ifstate_client_close_job_handler: PHASE 2 entered, client:0xfffff800b0fe9c00, cl num:121,  cl name:jsrpd, next_state:0xfffff800055fdb00, ifs_head:0xfffff800055fdb00 ticks 2147333610 start_ticks 2147333610
rts_ifstate_client_close_job_handler: client:0xfffff800b0fe9c00 client close job done, cl name:jsrpd, cl num:121
rts_ifstate_client_close_job_handler: Client-closing completed!  jsrpd(121):0xfffff800b0fe9c00  num:0ticks 2147333611 start_ticks 2147333610
Cleanup of dead ifstate client: jsrpd done  Total dead ifstate client : 0
ifstate client : chassisd closing down  Total dead ifstate clients : 1
ifstate client : chassisd closing down  Total dead ifstate clients : 2
rts_ifstate_client_close_job_handler: PHASE 1 entered, client:0xfffff8000739f600, cl num:61, cl name:chassisd, next_state:0 ticks 2147334653 start_ticks 2147334653
rts_ifstate_client_close_job_handler: PHASE 2 entered, client:0xfffff8000739f600, cl num:61,  cl name:chassisd, next_state:0xfffff800055fdb00, ifs_head:0xfffff800055fdb00 ticks 2147334653 start_ticks 2147334653
rts_ifstate_client_close_job_handler: client:0xfffff8000739f600 client close job done, cl name:chassisd, cl num:61
rts_ifstate_client_close_job_handler: client close tail after:cl chassisd(117):0xfffff80133d72200 tail next:0xffffffff81774bd8
rts_ifstate_client_close_job_handler: Client-closing completed!  chassisd(61):0xfffff8000739f600  num:1ticks 2147334653 start_ticks 2147334653
Cleanup of dead ifstate client: chassisd done  Total dead ifstate client : 1
